Archive member included to satisfy reference by file (symbol)

/opt/Atollic_TrueSTUDIO_for_STM32_x86_64_9.2.0/ARMTools/bin/../lib/gcc/arm-atollic-eabi/6.3.1/../../../../arm-atollic-eabi/lib/armv7e-m/fpu/libstdc++_nano.a(atexit_arm.o)
                              Src/main.o (__aeabi_atexit)
/opt/Atollic_TrueSTUDIO_for_STM32_x86_64_9.2.0/ARMTools/bin/../lib/gcc/arm-atollic-eabi/6.3.1/../../../../arm-atollic-eabi/lib/armv7e-m/fpu/libc_nano.a(lib_a-cxa_atexit.o)
                              /opt/Atollic_TrueSTUDIO_for_STM32_x86_64_9.2.0/ARMTools/bin/../lib/gcc/arm-atollic-eabi/6.3.1/../../../../arm-atollic-eabi/lib/armv7e-m/fpu/libstdc++_nano.a(atexit_arm.o) (__cxa_atexit)
/opt/Atollic_TrueSTUDIO_for_STM32_x86_64_9.2.0/ARMTools/bin/../lib/gcc/arm-atollic-eabi/6.3.1/../../../../arm-atollic-eabi/lib/armv7e-m/fpu/libc_nano.a(lib_a-init.o)
                              startup/startup_stm32f405xx.o (__libc_init_array)
/opt/Atollic_TrueSTUDIO_for_STM32_x86_64_9.2.0/ARMTools/bin/../lib/gcc/arm-atollic-eabi/6.3.1/../../../../arm-atollic-eabi/lib/armv7e-m/fpu/libc_nano.a(lib_a-memset.o)
                              Src/main.o (memset)
/opt/Atollic_TrueSTUDIO_for_STM32_x86_64_9.2.0/ARMTools/bin/../lib/gcc/arm-atollic-eabi/6.3.1/../../../../arm-atollic-eabi/lib/armv7e-m/fpu/libc_nano.a(lib_a-on_exit_args.o)
                              /opt/Atollic_TrueSTUDIO_for_STM32_x86_64_9.2.0/ARMTools/bin/../lib/gcc/arm-atollic-eabi/6.3.1/../../../../arm-atollic-eabi/lib/armv7e-m/fpu/libc_nano.a(lib_a-cxa_atexit.o) (__on_exit_args)
/opt/Atollic_TrueSTUDIO_for_STM32_x86_64_9.2.0/ARMTools/bin/../lib/gcc/arm-atollic-eabi/6.3.1/../../../../arm-atollic-eabi/lib/armv7e-m/fpu/libc_nano.a(lib_a-sprintf.o)
                              Src/main.o (sprintf)
/opt/Atollic_TrueSTUDIO_for_STM32_x86_64_9.2.0/ARMTools/bin/../lib/gcc/arm-atollic-eabi/6.3.1/../../../../arm-atollic-eabi/lib/armv7e-m/fpu/libc_nano.a(lib_a-impure.o)
                              /opt/Atollic_TrueSTUDIO_for_STM32_x86_64_9.2.0/ARMTools/bin/../lib/gcc/arm-atollic-eabi/6.3.1/../../../../arm-atollic-eabi/lib/armv7e-m/fpu/libc_nano.a(lib_a-sprintf.o) (_impure_ptr)
/opt/Atollic_TrueSTUDIO_for_STM32_x86_64_9.2.0/ARMTools/bin/../lib/gcc/arm-atollic-eabi/6.3.1/../../../../arm-atollic-eabi/lib/armv7e-m/fpu/libc_nano.a(lib_a-nano-svfprintf.o)
                              /opt/Atollic_TrueSTUDIO_for_STM32_x86_64_9.2.0/ARMTools/bin/../lib/gcc/arm-atollic-eabi/6.3.1/../../../../arm-atollic-eabi/lib/armv7e-m/fpu/libc_nano.a(lib_a-sprintf.o) (_svfprintf_r)
/opt/Atollic_TrueSTUDIO_for_STM32_x86_64_9.2.0/ARMTools/bin/../lib/gcc/arm-atollic-eabi/6.3.1/../../../../arm-atollic-eabi/lib/armv7e-m/fpu/libc_nano.a(lib_a-nano-vfprintf_i.o)
                              /opt/Atollic_TrueSTUDIO_for_STM32_x86_64_9.2.0/ARMTools/bin/../lib/gcc/arm-atollic-eabi/6.3.1/../../../../arm-atollic-eabi/lib/armv7e-m/fpu/libc_nano.a(lib_a-nano-svfprintf.o) (_printf_i)
/opt/Atollic_TrueSTUDIO_for_STM32_x86_64_9.2.0/ARMTools/bin/../lib/gcc/arm-atollic-eabi/6.3.1/../../../../arm-atollic-eabi/lib/armv7e-m/fpu/libc_nano.a(lib_a-memchr.o)
                              /opt/Atollic_TrueSTUDIO_for_STM32_x86_64_9.2.0/ARMTools/bin/../lib/gcc/arm-atollic-eabi/6.3.1/../../../../arm-atollic-eabi/lib/armv7e-m/fpu/libc_nano.a(lib_a-nano-svfprintf.o) (memchr)
/opt/Atollic_TrueSTUDIO_for_STM32_x86_64_9.2.0/ARMTools/bin/../lib/gcc/arm-atollic-eabi/6.3.1/../../../../arm-atollic-eabi/lib/armv7e-m/fpu/libc_nano.a(lib_a-memcpy-stub.o)
                              /opt/Atollic_TrueSTUDIO_for_STM32_x86_64_9.2.0/ARMTools/bin/../lib/gcc/arm-atollic-eabi/6.3.1/../../../../arm-atollic-eabi/lib/armv7e-m/fpu/libc_nano.a(lib_a-nano-svfprintf.o) (memcpy)
/opt/Atollic_TrueSTUDIO_for_STM32_x86_64_9.2.0/ARMTools/bin/../lib/gcc/arm-atollic-eabi/6.3.1/../../../../arm-atollic-eabi/lib/armv7e-m/fpu/libc_nano.a(lib_a-memmove.o)
                              /opt/Atollic_TrueSTUDIO_for_STM32_x86_64_9.2.0/ARMTools/bin/../lib/gcc/arm-atollic-eabi/6.3.1/../../../../arm-atollic-eabi/lib/armv7e-m/fpu/libc_nano.a(lib_a-nano-svfprintf.o) (memmove)
/opt/Atollic_TrueSTUDIO_for_STM32_x86_64_9.2.0/ARMTools/bin/../lib/gcc/arm-atollic-eabi/6.3.1/../../../../arm-atollic-eabi/lib/armv7e-m/fpu/libc_nano.a(lib_a-nano-freer.o)
                              /opt/Atollic_TrueSTUDIO_for_STM32_x86_64_9.2.0/ARMTools/bin/../lib/gcc/arm-atollic-eabi/6.3.1/../../../../arm-atollic-eabi/lib/armv7e-m/fpu/libc_nano.a(lib_a-nano-svfprintf.o) (_free_r)
/opt/Atollic_TrueSTUDIO_for_STM32_x86_64_9.2.0/ARMTools/bin/../lib/gcc/arm-atollic-eabi/6.3.1/../../../../arm-atollic-eabi/lib/armv7e-m/fpu/libc_nano.a(lib_a-nano-mallocr.o)
                              /opt/Atollic_TrueSTUDIO_for_STM32_x86_64_9.2.0/ARMTools/bin/../lib/gcc/arm-atollic-eabi/6.3.1/../../../../arm-atollic-eabi/lib/armv7e-m/fpu/libc_nano.a(lib_a-nano-svfprintf.o) (_malloc_r)
[...]
Memory Configuration

Name             Origin             Length             Attributes
RAM              0x0000000020000000 0x0000000000020000 xrw
CCMRAM           0x0000000010000000 0x0000000000010000 rw
FLASH            0x0000000008000000 0x0000000000100000 xr
*default*        0x0000000000000000 0xffffffffffffffff

Linker script and memory map

LOAD /opt/Atollic_TrueSTUDIO_for_STM32_x86_64_9.2.0/ARMTools/bin/../lib/gcc/arm-atollic-eabi/6.3.1/armv7e-m/fpu/crti.o
LOAD /opt/Atollic_TrueSTUDIO_for_STM32_x86_64_9.2.0/ARMTools/bin/../lib/gcc/arm-atollic-eabi/6.3.1/armv7e-m/fpu/crtbegin.o
LOAD Drivers/STM32F4xx_HAL_Driver/Src/stm32f4xx_hal.o
LOAD Drivers/STM32F4xx_HAL_Driver/Src/stm32f4xx_hal_cortex.o
LOAD Drivers/STM32F4xx_HAL_Driver/Src/stm32f4xx_hal_dma.o
LOAD Drivers/STM32F4xx_HAL_Driver/Src/stm32f4xx_hal_dma_ex.o
LOAD Drivers/STM32F4xx_HAL_Driver/Src/stm32f4xx_hal_flash.o
LOAD Drivers/STM32F4xx_HAL_Driver/Src/stm32f4xx_hal_flash_ex.o
LOAD Drivers/STM32F4xx_HAL_Driver/Src/stm32f4xx_hal_flash_ramfunc.o
LOAD Drivers/STM32F4xx_HAL_Driver/Src/stm32f4xx_hal_gpio.o
LOAD Drivers/STM32F4xx_HAL_Driver/Src/stm32f4xx_hal_pwr.o
LOAD Drivers/STM32F4xx_HAL_Driver/Src/stm32f4xx_hal_pwr_ex.o
LOAD Drivers/STM32F4xx_HAL_Driver/Src/stm32f4xx_hal_rcc.o
LOAD Drivers/STM32F4xx_HAL_Driver/Src/stm32f4xx_hal_rcc_ex.o
LOAD Drivers/STM32F4xx_HAL_Driver/Src/stm32f4xx_hal_tim.o
LOAD Drivers/STM32F4xx_HAL_Driver/Src/stm32f4xx_hal_tim_ex.o
LOAD Drivers/STM32F4xx_HAL_Driver/Src/stm32f4xx_hal_uart.o
LOAD Src/main.o
LOAD Src/stm32f4xx_hal_msp.o
LOAD Src/stm32f4xx_it.o
LOAD Src/system_stm32f4xx.o
LOAD User/Fonts/font12.o
LOAD User/Fonts/font16.o
LOAD User/Fonts/font20.o
LOAD User/Fonts/font24.o
LOAD User/Fonts/font8.o
LOAD User/clock.o
LOAD startup/startup_stm32f405xx.o
                0x0000000000001000                malloc_getpagesize_P = 0x1000
START GROUP
LOAD /opt/Atollic_TrueSTUDIO_for_STM32_x86_64_9.2.0/ARMTools/bin/../lib/gcc/arm-atollic-eabi/6.3.1/../../../../arm-atollic-eabi/lib/armv7e-m/fpu/libstdc++_nano.a
LOAD /opt/Atollic_TrueSTUDIO_for_STM32_x86_64_9.2.0/ARMTools/bin/../lib/gcc/arm-atollic-eabi/6.3.1/../../../../arm-atollic-eabi/lib/armv7e-m/fpu/libsupc++_nano.a
END GROUP
LOAD /opt/Atollic_TrueSTUDIO_for_STM32_x86_64_9.2.0/ARMTools/bin/../lib/gcc/arm-atollic-eabi/6.3.1/../../../../arm-atollic-eabi/lib/armv7e-m/fpu/libstdc++_nano.a
LOAD /opt/Atollic_TrueSTUDIO_for_STM32_x86_64_9.2.0/ARMTools/bin/../lib/gcc/arm-atollic-eabi/6.3.1/../../../../arm-atollic-eabi/lib/armv7e-m/fpu/libm.a
LOAD /opt/Atollic_TrueSTUDIO_for_STM32_x86_64_9.2.0/ARMTools/bin/../lib/gcc/arm-atollic-eabi/6.3.1/../../../../arm-atollic-eabi/lib/armv7e-m/fpu/libc_nano.a
START GROUP
LOAD /opt/Atollic_TrueSTUDIO_for_STM32_x86_64_9.2.0/ARMTools/bin/../lib/gcc/arm-atollic-eabi/6.3.1/armv7e-m/fpu/libgcc.a
LOAD /opt/Atollic_TrueSTUDIO_for_STM32_x86_64_9.2.0/ARMTools/bin/../lib/gcc/arm-atollic-eabi/6.3.1/../../../../arm-atollic-eabi/lib/armv7e-m/fpu/libc_nano.a
END GROUP
START GROUP
LOAD /opt/Atollic_TrueSTUDIO_for_STM32_x86_64_9.2.0/ARMTools/bin/../lib/gcc/arm-atollic-eabi/6.3.1/armv7e-m/fpu/libgcc.a
LOAD /opt/Atollic_TrueSTUDIO_for_STM32_x86_64_9.2.0/ARMTools/bin/../lib/gcc/arm-atollic-eabi/6.3.1/../../../../arm-atollic-eabi/lib/armv7e-m/fpu/libc_nano.a
LOAD /opt/Atollic_TrueSTUDIO_for_STM32_x86_64_9.2.0/ARMTools/bin/../lib/gcc/arm-atollic-eabi/6.3.1/../../../../arm-atollic-eabi/lib/armv7e-m/fpu/libnosys.a
END GROUP
START GROUP
LOAD /opt/Atollic_TrueSTUDIO_for_STM32_x86_64_9.2.0/ARMTools/bin/../lib/gcc/arm-atollic-eabi/6.3.1/armv7e-m/fpu/libgcc.a
LOAD /opt/Atollic_TrueSTUDIO_for_STM32_x86_64_9.2.0/ARMTools/bin/../lib/gcc/arm-atollic-eabi/6.3.1/../../../../arm-atollic-eabi/lib/armv7e-m/fpu/libc_nano.a
LOAD /opt/Atollic_TrueSTUDIO_for_STM32_x86_64_9.2.0/ARMTools/bin/../lib/gcc/arm-atollic-eabi/6.3.1/../../../../arm-atollic-eabi/lib/armv7e-m/fpu/libnosys.a
END GROUP
LOAD /opt/Atollic_TrueSTUDIO_for_STM32_x86_64_9.2.0/ARMTools/bin/../lib/gcc/arm-atollic-eabi/6.3.1/armv7e-m/fpu/crtend.o
LOAD /opt/Atollic_TrueSTUDIO_for_STM32_x86_64_9.2.0/ARMTools/bin/../lib/gcc/arm-atollic-eabi/6.3.1/armv7e-m/fpu/crtn.o
                0x0000000020020000                _estack = 0x20020000
                0x0000000000000200                _Min_Heap_Size = 0x200
                0x0000000000000400                _Min_Stack_Size = 0x400

.isr_vector     0x0000000008000000      0x188
                0x0000000008000000                . = ALIGN (0x4)
 *(.isr_vector)
 .isr_vector    0x0000000008000000      0x188 startup/startup_stm32f405xx.o
                0x0000000008000000                g_pfnVectors
                0x0000000008000188                . = ALIGN (0x4)

.text           0x0000000008000190     0x3de8
                0x0000000008000190                . = ALIGN (0x4)
 *(.text)
 .text          0x0000000008000190       0x40 /opt/Atollic_TrueSTUDIO_for_STM32_x86_64_9.2.0/ARMTools/bin/../lib/gcc/arm-atollic-eabi/6.3.1/armv7e-m/fpu/crtbegin.o
 .text          0x00000000080001d0       0xa0 /opt/Atollic_TrueSTUDIO_for_STM32_x86_64_9.2.0/ARMTools/bin/../lib/gcc/arm-atollic-eabi/6.3.1/../../../../arm-atollic-eabi/lib/armv7e-m/fpu/libc_nano.a(lib_a-memchr.o)
                0x00000000080001d0                memchr
 .text          0x0000000008000270       0x30 /opt/Atollic_TrueSTUDIO_for_STM32_x86_64_9.2.0/ARMTools/bin/../lib/gcc/arm-atollic-eabi/6.3.1/armv7e-m/fpu/libgcc.a(_aeabi_uldivmod.o)
                0x0000000008000270                __aeabi_uldivmod
 .text          0x00000000080002a0      0x2dc /opt/Atollic_TrueSTUDIO_for_STM32_x86_64_9.2.0/ARMTools/bin/../lib/gcc/arm-atollic-eabi/6.3.1/armv7e-m/fpu/libgcc.a(_udivmoddi4.o)
                0x00000000080002a0                __udivmoddi4
 .text          0x000000000800057c      0x9cc /opt/Atollic_TrueSTUDIO_for_STM32_x86_64_9.2.0/ARMTools/bin/../lib/gcc/arm-atollic-eabi/6.3.1/armv7e-m/fpu/libgcc.a(unwind-arm.o)
                0x000000000800083c                _Unwind_GetCFA
                0x0000000008000840                __gnu_Unwind_RaiseException
                0x00000000080008a0                __gnu_Unwind_ForcedUnwind
                0x00000000080008b4                __gnu_Unwind_Resume
                0x00000000080008f8                __gnu_Unwind_Resume_or_Rethrow
                0x0000000008000908                _Unwind_Complete
                0x000000000800090c                _Unwind_DeleteException
                0x0000000008000918                _Unwind_VRS_Get
                0x0000000008000964                _Unwind_VRS_Set
                0x00000000080009b4                __gnu_Unwind_Backtrace
                0x0000000008000cf4                __aeabi_unwind_cpp_pr0
                0x0000000008000cf8                __aeabi_unwind_cpp_pr1
                0x0000000008000cfc                __aeabi_unwind_cpp_pr2
                0x0000000008000d00                _Unwind_VRS_Pop
 .text          0x0000000008000f48      0x1ac /opt/Atollic_TrueSTUDIO_for_STM32_x86_64_9.2.0/ARMTools/bin/../lib/gcc/arm-atollic-eabi/6.3.1/armv7e-m/fpu/libgcc.a(libunwind.o)
                0x0000000008000f48                __restore_core_regs
                0x0000000008000f48                restore_core_regs
                0x0000000008000f60                __gnu_Unwind_Restore_VFP
                0x0000000008000f68                __gnu_Unwind_Save_VFP
                0x0000000008000f70                __gnu_Unwind_Restore_VFP_D
                0x0000000008000f78                __gnu_Unwind_Save_VFP_D
                0x0000000008000f80                __gnu_Unwind_Restore_VFP_D_16_to_31
                0x0000000008000f88                __gnu_Unwind_Save_VFP_D_16_to_31
                0x0000000008000f90                __gnu_Unwind_Restore_WMMXD
                0x0000000008000fd4                __gnu_Unwind_Save_WMMXD
                0x0000000008001018                __gnu_Unwind_Restore_WMMXC
                0x000000000800102c                __gnu_Unwind_Save_WMMXC
                0x0000000008001040                ___Unwind_RaiseException
                0x0000000008001040                _Unwind_RaiseException
                0x0000000008001064                ___Unwind_Resume
                0x0000000008001064                _Unwind_Resume
                0x0000000008001088                _Unwind_Resume_or_Rethrow
                0x0000000008001088                ___Unwind_Resume_or_Rethrow
                0x00000000080010ac                ___Unwind_ForcedUnwind
                0x00000000080010ac                _Unwind_ForcedUnwind
                0x00000000080010d0                _Unwind_Backtrace
                0x00000000080010d0                ___Unwind_Backtrace
 .text          0x00000000080010f4      0x380 /opt/Atollic_TrueSTUDIO_for_STM32_x86_64_9.2.0/ARMTools/bin/../lib/gcc/arm-atollic-eabi/6.3.1/armv7e-m/fpu/libgcc.a(pr-support.o)
                0x000000000800114c                __gnu_unwind_execute
                0x000000000800141c                __gnu_unwind_frame
                0x0000000008001444                _Unwind_GetRegionStart
                0x0000000008001450                _Unwind_GetLanguageSpecificData
                0x0000000008001464                _Unwind_GetTextRelBase
                0x000000000800146c                _Unwind_GetDataRelBase
 .text          0x0000000008001474        0x4 /opt/Atollic_TrueSTUDIO_for_STM32_x86_64_9.2.0/ARMTools/bin/../lib/gcc/arm-atollic-eabi/6.3.1/armv7e-m/fpu/libgcc.a(_dvmd_tls.o)
                0x0000000008001474                __aeabi_ldiv0
                0x0000000008001474                __aeabi_idiv0
 *(.text*)
 .text.HAL_InitTick
                0x0000000008001478       0x48 Drivers/STM32F4xx_HAL_Driver/Src/stm32f4xx_hal.o
                0x0000000008001478                HAL_InitTick
 .text.HAL_Init
                0x00000000080014c0       0x34 Drivers/STM32F4xx_HAL_Driver/Src/stm32f4xx_hal.o
                0x00000000080014c0                HAL_Init
 .text.HAL_IncTick
                0x00000000080014f4       0x18 Drivers/STM32F4xx_HAL_Driver/Src/stm32f4xx_hal.o
                0x00000000080014f4                HAL_IncTick
 .text.HAL_GetTick
                0x000000000800150c        0xc Drivers/STM32F4xx_HAL_Driver/Src/stm32f4xx_hal.o
                0x000000000800150c                HAL_GetTick
 .text.HAL_NVIC_SetPriorityGrouping
                0x0000000008001518       0x24 Drivers/STM32F4xx_HAL_Driver/Src/stm32f4xx_hal_cortex.o
                0x0000000008001518                HAL_NVIC_SetPriorityGrouping
 .text.HAL_NVIC_SetPriority
                0x000000000800153c       0x68 Drivers/STM32F4xx_HAL_Driver/Src/stm32f4xx_hal_cortex.o
                0x000000000800153c                HAL_NVIC_SetPriority
 .text.HAL_NVIC_EnableIRQ
                0x00000000080015a4       0x18 Drivers/STM32F4xx_HAL_Driver/Src/stm32f4xx_hal_cortex.o
                0x00000000080015a4                HAL_NVIC_EnableIRQ
 .text.HAL_SYSTICK_Config
                0x00000000080015bc       0x2c Drivers/STM32F4xx_HAL_Driver/Src/stm32f4xx_hal_cortex.o
                0x00000000080015bc                HAL_SYSTICK_Config
 .text.HAL_GPIO_Init
                0x00000000080015e8      0x1c0 Drivers/STM32F4xx_HAL_Driver/Src/stm32f4xx_hal_gpio.o
                0x00000000080015e8                HAL_GPIO_Init
 .text.HAL_GPIO_WritePin
                0x00000000080017a8        0xa Drivers/STM32F4xx_HAL_Driver/Src/stm32f4xx_hal_gpio.o
                0x00000000080017a8                HAL_GPIO_WritePin
 *fill*         0x00000000080017b2        0x2 
 .text.HAL_RCC_OscConfig
                0x00000000080017b4      0x304 Drivers/STM32F4xx_HAL_Driver/Src/stm32f4xx_hal_rcc.o
                0x00000000080017b4                HAL_RCC_OscConfig
 .text.HAL_RCC_GetSysClockFreq
                0x0000000008001ab8       0x5c Drivers/STM32F4xx_HAL_Driver/Src/stm32f4xx_hal_rcc.o
                0x0000000008001ab8                HAL_RCC_GetSysClockFreq
 .text.HAL_RCC_ClockConfig
                0x0000000008001b14      0x134 Drivers/STM32F4xx_HAL_Driver/Src/stm32f4xx_hal_rcc.o
                0x0000000008001b14                HAL_RCC_ClockConfig
 .text.HAL_RCC_GetPCLK1Freq
                0x0000000008001c48       0x20 Drivers/STM32F4xx_HAL_Driver/Src/stm32f4xx_hal_rcc.o
                0x0000000008001c48                HAL_RCC_GetPCLK1Freq
 .text.HAL_RCC_GetPCLK2Freq
                0x0000000008001c68       0x20 Drivers/STM32F4xx_HAL_Driver/Src/stm32f4xx_hal_rcc.o
                0x0000000008001c68                HAL_RCC_GetPCLK2Freq
 .text.TIM_OC1_SetConfig
                0x0000000008001c88       0x58 Drivers/STM32F4xx_HAL_Driver/Src/stm32f4xx_hal_tim.o
 .text.TIM_OC3_SetConfig
                0x0000000008001ce0       0x60 Drivers/STM32F4xx_HAL_Driver/Src/stm32f4xx_hal_tim.o
 .text.TIM_OC4_SetConfig
                0x0000000008001d40       0x50 Drivers/STM32F4xx_HAL_Driver/Src/stm32f4xx_hal_tim.o
 .text.TIM_SlaveTimer_SetConfig
                0x0000000008001d90       0xaa Drivers/STM32F4xx_HAL_Driver/Src/stm32f4xx_hal_tim.o
 .text.HAL_TIM_Base_Start_IT
                0x0000000008001e3a       0x16 Drivers/STM32F4xx_HAL_Driver/Src/stm32f4xx_hal_tim.o
                0x0000000008001e3a                HAL_TIM_Base_Start_IT
 .text.HAL_TIM_OC_MspInit
                0x0000000008001e50        0x2 Drivers/STM32F4xx_HAL_Driver/Src/stm32f4xx_hal_tim.o
                0x0000000008001e50                HAL_TIM_OC_MspInit
 .text.HAL_TIM_IC_MspInit
                0x0000000008001e52        0x2 Drivers/STM32F4xx_HAL_Driver/Src/stm32f4xx_hal_tim.o
                0x0000000008001e52                HAL_TIM_IC_MspInit
 .text.HAL_TIM_ConfigClockSource
                0x0000000008001e54      0x172 Drivers/STM32F4xx_HAL_Driver/Src/stm32f4xx_hal_tim.o
                0x0000000008001e54                HAL_TIM_ConfigClockSource
 .text.HAL_TIM_SlaveConfigSynchronization_IT
                0x0000000008001fc6       0x40 Drivers/STM32F4xx_HAL_Driver/Src/stm32f4xx_hal_tim.o
                0x0000000008001fc6                HAL_TIM_SlaveConfigSynchronization_IT
 .text.HAL_TIM_OC_DelayElapsedCallback
                0x0000000008002006        0x2 Drivers/STM32F4xx_HAL_Driver/Src/stm32f4xx_hal_tim.o
                0x0000000008002006                HAL_TIM_OC_DelayElapsedCallback
 .text.HAL_TIM_TriggerCallback
                0x0000000008002008        0x2 Drivers/STM32F4xx_HAL_Driver/Src/stm32f4xx_hal_tim.o
                0x0000000008002008                HAL_TIM_TriggerCallback
 .text.HAL_TIM_IRQHandler
                0x000000000800200a      0x144 Drivers/STM32F4xx_HAL_Driver/Src/stm32f4xx_hal_tim.o
                0x000000000800200a                HAL_TIM_IRQHandler
 *fill*         0x000000000800214e        0x2 
 .text.TIM_Base_SetConfig
                0x0000000008002150       0xc8 Drivers/STM32F4xx_HAL_Driver/Src/stm32f4xx_hal_tim.o
                0x0000000008002150                TIM_Base_SetConfig
 .text.HAL_TIM_Base_Init
                0x0000000008002218       0x34 Drivers/STM32F4xx_HAL_Driver/Src/stm32f4xx_hal_tim.o
                0x0000000008002218                HAL_TIM_Base_Init
 .text.HAL_TIM_OC_Init
                0x000000000800224c       0x34 Drivers/STM32F4xx_HAL_Driver/Src/stm32f4xx_hal_tim.o
                0x000000000800224c                HAL_TIM_OC_Init
 .text.HAL_TIM_IC_Init
                0x0000000008002280       0x34 Drivers/STM32F4xx_HAL_Driver/Src/stm32f4xx_hal_tim.o
                0x0000000008002280                HAL_TIM_IC_Init
 .text.TIM_TI1_SetConfig
                0x00000000080022b4       0x74 Drivers/STM32F4xx_HAL_Driver/Src/stm32f4xx_hal_tim.o
                0x00000000080022b4                TIM_TI1_SetConfig
 .text.HAL_TIM_IC_ConfigChannel
                0x0000000008002328      0x110 Drivers/STM32F4xx_HAL_Driver/Src/stm32f4xx_hal_tim.o
                0x0000000008002328                HAL_TIM_IC_ConfigChannel
 .text.TIM_OC2_SetConfig
                0x0000000008002438       0x60 Drivers/STM32F4xx_HAL_Driver/Src/stm32f4xx_hal_tim.o
                0x0000000008002438                TIM_OC2_SetConfig
 .text.HAL_TIM_OC_ConfigChannel
                0x0000000008002498       0x5c Drivers/STM32F4xx_HAL_Driver/Src/stm32f4xx_hal_tim.o
                0x0000000008002498                HAL_TIM_OC_ConfigChannel
 .text.TIM_CCxChannelCmd
                0x00000000080024f4       0x18 Drivers/STM32F4xx_HAL_Driver/Src/stm32f4xx_hal_tim.o
                0x00000000080024f4                TIM_CCxChannelCmd
 .text.HAL_TIM_PWM_Start_IT
                0x000000000800250c       0x74 Drivers/STM32F4xx_HAL_Driver/Src/stm32f4xx_hal_tim.o
                0x000000000800250c                HAL_TIM_PWM_Start_IT
 .text.HAL_TIM_OC_Start_IT
                0x0000000008002580        0x4 Drivers/STM32F4xx_HAL_Driver/Src/stm32f4xx_hal_tim.o
                0x0000000008002580                HAL_TIM_OC_Start_IT
 .text.HAL_TIM_PWM_Stop_IT
                0x0000000008002584       0x9c Drivers/STM32F4xx_HAL_Driver/Src/stm32f4xx_hal_tim.o
                0x0000000008002584                HAL_TIM_PWM_Stop_IT
 .text.HAL_TIM_OC_Stop_IT
                0x0000000008002620        0x4 Drivers/STM32F4xx_HAL_Driver/Src/stm32f4xx_hal_tim.o
                0x0000000008002620                HAL_TIM_OC_Stop_IT
 .text.HAL_TIM_IC_Start_IT
                0x0000000008002624       0x58 Drivers/STM32F4xx_HAL_Driver/Src/stm32f4xx_hal_tim.o
                0x0000000008002624                HAL_TIM_IC_Start_IT
 .text.HAL_TIM_IC_Stop_IT
                0x000000000800267c       0x6c Drivers/STM32F4xx_HAL_Driver/Src/stm32f4xx_hal_tim.o
                0x000000000800267c                HAL_TIM_IC_Stop_IT
 .text.HAL_TIMEx_MasterConfigSynchronization
                0x00000000080026e8       0x44 Drivers/STM32F4xx_HAL_Driver/Src/stm32f4xx_hal_tim_ex.o
                0x00000000080026e8                HAL_TIMEx_MasterConfigSynchronization
 .text.HAL_TIMEx_CommutationCallback
                0x000000000800272c        0x2 Drivers/STM32F4xx_HAL_Driver/Src/stm32f4xx_hal_tim_ex.o
                0x000000000800272c                HAL_TIMEx_CommutationCallback
 .text.HAL_TIMEx_BreakCallback
                0x000000000800272e        0x2 Drivers/STM32F4xx_HAL_Driver/Src/stm32f4xx_hal_tim_ex.o
                0x000000000800272e                HAL_TIMEx_BreakCallback
 .text.UART_SetConfig
                0x0000000008002730      0x234 Drivers/STM32F4xx_HAL_Driver/Src/stm32f4xx_hal_uart.o
 .text.UART_WaitOnFlagUntilTimeout.constprop.3
                0x0000000008002964       0x50 Drivers/STM32F4xx_HAL_Driver/Src/stm32f4xx_hal_uart.o
 .text.HAL_UART_Init
                0x00000000080029b4       0x5c Drivers/STM32F4xx_HAL_Driver/Src/stm32f4xx_hal_uart.o
                0x00000000080029b4                HAL_UART_Init
 .text.HAL_UART_Transmit
                0x0000000008002a10       0xba Drivers/STM32F4xx_HAL_Driver/Src/stm32f4xx_hal_uart.o
                0x0000000008002a10                HAL_UART_Transmit
 *fill*         0x0000000008002aca        0x2 
 .text.HAL_TIM_IC_CaptureCallback
                0x0000000008002acc       0x80 Src/main.o
                0x0000000008002acc                HAL_TIM_IC_CaptureCallback
 .text.HAL_TIM_PWM_PulseFinishedCallback
                0x0000000008002b4c       0x7c Src/main.o
                0x0000000008002b4c                HAL_TIM_PWM_PulseFinishedCallback
 .text.HAL_TIM_PeriodElapsedCallback
                0x0000000008002bc8       0x28 Src/main.o
                0x0000000008002bc8                HAL_TIM_PeriodElapsedCallback
 .text.main     0x0000000008002bf0       0xe4 Src/main.o
                0x0000000008002bf0                main
 .text._Z18SystemClock_Configv
                0x0000000008002cd4       0xd0 Src/main.o
                0x0000000008002cd4                SystemClock_Config()
 .text._ZL12MX_TIM2_Initv
                0x0000000008002da4      0x170 Src/main.o
 .text._ZL12MX_TIM5_Initv
                0x0000000008002f14      0x150 Src/main.o
 .text._ZL19MX_USART2_UART_Initv
                0x0000000008003064       0x5c Src/main.o
 .text._ZL12MX_GPIO_Initv
                0x00000000080030c0       0x88 Src/main.o
 .text.Error_Handler
                0x0000000008003148        0xe Src/main.o
                0x0000000008003148                Error_Handler
 *fill*         0x0000000008003156        0x2 
 .text._Z41__static_initialization_and_destruction_0ii
                0x0000000008003158       0x40 Src/main.o
 .text._GLOBAL__sub_I_htim2
                0x0000000008003198       0x10 Src/main.o
 .text.HAL_MspInit
                0x00000000080031a8       0x38 Src/stm32f4xx_hal_msp.o
                0x00000000080031a8                HAL_MspInit
 .text.HAL_TIM_Base_MspInit
                0x00000000080031e0       0xa4 Src/stm32f4xx_hal_msp.o
                0x00000000080031e0                HAL_TIM_Base_MspInit
 .text.HAL_UART_MspInit
                0x0000000008003284       0x70 Src/stm32f4xx_hal_msp.o
                0x0000000008003284                HAL_UART_MspInit
 .text.NMI_Handler
                0x00000000080032f4        0xe Src/stm32f4xx_it.o
                0x00000000080032f4                NMI_Handler
 .text.HardFault_Handler
                0x0000000008003302        0x6 Src/stm32f4xx_it.o
                0x0000000008003302                HardFault_Handler
 .text.MemManage_Handler
                0x0000000008003308        0x6 Src/stm32f4xx_it.o
                0x0000000008003308                MemManage_Handler
 .text.BusFault_Handler
                0x000000000800330e        0x6 Src/stm32f4xx_it.o
                0x000000000800330e                BusFault_Handler
 .text.UsageFault_Handler
                0x0000000008003314        0x6 Src/stm32f4xx_it.o
                0x0000000008003314                UsageFault_Handler
 .text.SVC_Handler
                0x000000000800331a        0xe Src/stm32f4xx_it.o
                0x000000000800331a                SVC_Handler
 .text.DebugMon_Handler
                0x0000000008003328        0xe Src/stm32f4xx_it.o
                0x0000000008003328                DebugMon_Handler
 .text.PendSV_Handler
                0x0000000008003336        0xe Src/stm32f4xx_it.o
                0x0000000008003336                PendSV_Handler
 .text.SysTick_Handler
                0x0000000008003344        0xc Src/stm32f4xx_it.o
                0x0000000008003344                SysTick_Handler
 .text.TIM2_IRQHandler
                0x0000000008003350       0x14 Src/stm32f4xx_it.o
                0x0000000008003350                TIM2_IRQHandler
 .text.TIM5_IRQHandler
                0x0000000008003364       0x14 Src/stm32f4xx_it.o
                0x0000000008003364                TIM5_IRQHandler
 .text.SystemInit
                0x0000000008003378       0x4c Src/system_stm32f4xx.o
                0x0000000008003378                SystemInit
 .text._ZN5ClockC2Ev
                0x00000000080033c4       0x16 User/clock.o
                0x00000000080033c4                Clock::Clock()
                0x00000000080033c4                Clock::Clock()
 .text._ZN5ClockD2Ev
                0x00000000080033da       0x16 User/clock.o
                0x00000000080033da                Clock::~Clock()
                0x00000000080033da                Clock::~Clock()
 .text._ZN5Clock10masterTickEv
                0x00000000080033f0       0x24 User/clock.o
                0x00000000080033f0                Clock::masterTick()
 .text._ZN5Clock7subTickEv
                0x0000000008003414       0x34 User/clock.o
                0x0000000008003414                Clock::subTick()
 .text._ZN5Clock8setTimerEP17TIM_HandleTypeDefS1_
                0x0000000008003448       0x24 User/clock.o
                0x0000000008003448                Clock::setTimer(TIM_HandleTypeDef*, TIM_HandleTypeDef*)
 .text._ZN5Clock9setPeriodEv
                0x000000000800346c       0x3e User/clock.o
                0x000000000800346c                Clock::setPeriod()
 .text._ZN5Clock9setPeriodEj
                0x00000000080034aa       0x46 User/clock.o
                0x00000000080034aa                Clock::setPeriod(unsigned int)
 .text._ZN5Clock9setSourceE11ClockSource
                0x00000000080034f0       0x58 User/clock.o
                0x00000000080034f0                Clock::setSource(ClockSource)
 .text._ZN5Clock16setSlaveDivisionEj
                0x0000000008003548       0x38 User/clock.o
                0x0000000008003548                Clock::setSlaveDivision(unsigned int)
 .text.Reset_Handler
                0x0000000008003580       0x50 startup/startup_stm32f405xx.o
                0x0000000008003580                Reset_Handler
 .text.Default_Handler
                0x00000000080035d0        0x2 startup/startup_stm32f405xx.o
                0x00000000080035d0                RTC_Alarm_IRQHandler
                0x00000000080035d0                HASH_RNG_IRQHandler
                0x00000000080035d0                EXTI2_IRQHandler
                0x00000000080035d0                TIM8_CC_IRQHandler
                0x00000000080035d0                TIM1_CC_IRQHandler
                0x00000000080035d0                DMA2_Stream5_IRQHandler
                0x00000000080035d0                DMA1_Stream5_IRQHandler
                0x00000000080035d0                PVD_IRQHandler
                0x00000000080035d0                SDIO_IRQHandler
                0x00000000080035d0                TAMP_STAMP_IRQHandler
                0x00000000080035d0                CAN2_RX1_IRQHandler
                0x00000000080035d0                EXTI3_IRQHandler
                0x00000000080035d0                TIM8_TRG_COM_TIM14_IRQHandler
                0x00000000080035d0                TIM1_UP_TIM10_IRQHandler
                0x00000000080035d0                TIM8_UP_TIM13_IRQHandler
                0x00000000080035d0                I2C3_ER_IRQHandler
                0x00000000080035d0                EXTI0_IRQHandler
                0x00000000080035d0                I2C2_EV_IRQHandler
                0x00000000080035d0                DMA1_Stream2_IRQHandler
                0x00000000080035d0                CAN1_RX0_IRQHandler
                0x00000000080035d0                FPU_IRQHandler
                0x00000000080035d0                OTG_HS_WKUP_IRQHandler
                0x00000000080035d0                CAN2_SCE_IRQHandler
                0x00000000080035d0                DMA2_Stream2_IRQHandler
                0x00000000080035d0                SPI1_IRQHandler
                0x00000000080035d0                TIM6_DAC_IRQHandler
                0x00000000080035d0                TIM1_BRK_TIM9_IRQHandler
                0x00000000080035d0                CAN2_RX0_IRQHandler
                0x00000000080035d0                DMA2_Stream3_IRQHandler
                0x00000000080035d0                USART6_IRQHandler
                0x00000000080035d0                USART3_IRQHandler
                0x00000000080035d0                CAN1_RX1_IRQHandler
                0x00000000080035d0                UART5_IRQHandler
                0x00000000080035d0                DMA2_Stream0_IRQHandler
                0x00000000080035d0                TIM4_IRQHandler
                0x00000000080035d0                I2C1_EV_IRQHandler
                0x00000000080035d0                DMA1_Stream6_IRQHandler
                0x00000000080035d0                DMA1_Stream1_IRQHandler
                0x00000000080035d0                UART4_IRQHandler
                0x00000000080035d0                TIM3_IRQHandler
                0x00000000080035d0                RCC_IRQHandler
                0x00000000080035d0                TIM8_BRK_TIM12_IRQHandler
                0x00000000080035d0                Default_Handler
                0x00000000080035d0                EXTI15_10_IRQHandler
                0x00000000080035d0                ADC_IRQHandler
                0x00000000080035d0                DMA1_Stream7_IRQHandler
                0x00000000080035d0                TIM7_IRQHandler
                0x00000000080035d0                CAN2_TX_IRQHandler
                0x00000000080035d0                DMA2_Stream7_IRQHandler
                0x00000000080035d0                I2C3_EV_IRQHandler
                0x00000000080035d0                EXTI9_5_IRQHandler
                0x00000000080035d0                RTC_WKUP_IRQHandler
                0x00000000080035d0                SPI2_IRQHandler
                0x00000000080035d0                OTG_HS_EP1_IN_IRQHandler
                0x00000000080035d0                DMA1_Stream0_IRQHandler
                0x00000000080035d0                CAN1_TX_IRQHandler
                0x00000000080035d0                EXTI4_IRQHandler
                0x00000000080035d0                FSMC_IRQHandler
                0x00000000080035d0                OTG_HS_EP1_OUT_IRQHandler
                0x00000000080035d0                WWDG_IRQHandler
                0x00000000080035d0                OTG_FS_WKUP_IRQHandler
                0x00000000080035d0                TIM1_TRG_COM_TIM11_IRQHandler
                0x00000000080035d0                OTG_HS_IRQHandler
                0x00000000080035d0                EXTI1_IRQHandler
                0x00000000080035d0                USART2_IRQHandler
                0x00000000080035d0                I2C2_ER_IRQHandler
                0x00000000080035d0                DMA2_Stream1_IRQHandler
                0x00000000080035d0                CAN1_SCE_IRQHandler
                0x00000000080035d0                FLASH_IRQHandler
                0x00000000080035d0                DMA2_Stream4_IRQHandler
                0x00000000080035d0                USART1_IRQHandler
                0x00000000080035d0                OTG_FS_IRQHandler
                0x00000000080035d0                SPI3_IRQHandler
                0x00000000080035d0                DMA1_Stream4_IRQHandler
                0x00000000080035d0                I2C1_ER_IRQHandler
                0x00000000080035d0                DMA2_Stream6_IRQHandler
                0x00000000080035d0                DMA1_Stream3_IRQHandler
 .text.__aeabi_atexit
                0x00000000080035d2        0xa /opt/Atollic_TrueSTUDIO_for_STM32_x86_64_9.2.0/ARMTools/bin/../lib/gcc/arm-atollic-eabi/6.3.1/../../../../arm-atollic-eabi/lib/armv7e-m/fpu/libstdc++_nano.a(atexit_arm.o)
                0x00000000080035d2                __aeabi_atexit
 .text.__cxa_atexit
                0x00000000080035dc       0x1c /opt/Atollic_TrueSTUDIO_for_STM32_x86_64_9.2.0/ARMTools/bin/../lib/gcc/arm-atollic-eabi/6.3.1/../../../../arm-atollic-eabi/lib/armv7e-m/fpu/libc_nano.a(lib_a-cxa_atexit.o)
                0x00000000080035dc                __cxa_atexit
 .text.__libc_init_array
                0x00000000080035f8       0x48 /opt/Atollic_TrueSTUDIO_for_STM32_x86_64_9.2.0/ARMTools/bin/../lib/gcc/arm-atollic-eabi/6.3.1/../../../../arm-atollic-eabi/lib/armv7e-m/fpu/libc_nano.a(lib_a-init.o)
                0x00000000080035f8                __libc_init_array
 .text.memset   0x0000000008003640       0x10 /opt/Atollic_TrueSTUDIO_for_STM32_x86_64_9.2.0/ARMTools/bin/../lib/gcc/arm-atollic-eabi/6.3.1/../../../../arm-atollic-eabi/lib/armv7e-m/fpu/libc_nano.a(lib_a-memset.o)
                0x0000000008003640                memset
 .text.sprintf  0x0000000008003650       0x48 /opt/Atollic_TrueSTUDIO_for_STM32_x86_64_9.2.0/ARMTools/bin/../lib/gcc/arm-atollic-eabi/6.3.1/../../../../arm-atollic-eabi/lib/armv7e-m/fpu/libc_nano.a(lib_a-sprintf.o)
                0x0000000008003650                sprintf
                0x0000000008003650                siprintf
 .text.__ssputs_r
                0x0000000008003698       0xb6 /opt/Atollic_TrueSTUDIO_for_STM32_x86_64_9.2.0/ARMTools/bin/../lib/gcc/arm-atollic-eabi/6.3.1/../../../../arm-atollic-eabi/lib/armv7e-m/fpu/libc_nano.a(lib_a-nano-svfprintf.o)
                0x0000000008003698                __ssputs_r
 *fill*         0x000000000800374e        0x2 
 .text._svfprintf_r
                0x0000000008003750      0x1e8 /opt/Atollic_TrueSTUDIO_for_STM32_x86_64_9.2.0/ARMTools/bin/../lib/gcc/arm-atollic-eabi/6.3.1/../../../../arm-atollic-eabi/lib/armv7e-m/fpu/libc_nano.a(lib_a-nano-svfprintf.o)
                0x0000000008003750                _svfprintf_r
                0x0000000008003750                _svfiprintf_r
 .text._printf_common
                0x0000000008003938       0xec /opt/Atollic_TrueSTUDIO_for_STM32_x86_64_9.2.0/ARMTools/bin/../lib/gcc/arm-atollic-eabi/6.3.1/../../../../arm-atollic-eabi/lib/armv7e-m/fpu/libc_nano.a(lib_a-nano-vfprintf_i.o)
                0x0000000008003938                _printf_common
 .text._printf_i
                0x0000000008003a24      0x240 /opt/Atollic_TrueSTUDIO_for_STM32_x86_64_9.2.0/ARMTools/bin/../lib/gcc/arm-atollic-eabi/6.3.1/../../../../arm-atollic-eabi/lib/armv7e-m/fpu/libc_nano.a(lib_a-nano-vfprintf_i.o)
                0x0000000008003a24                _printf_i
 .text.memcpy   0x0000000008003c64       0x16 /opt/Atollic_TrueSTUDIO_for_STM32_x86_64_9.2.0/ARMTools/bin/../lib/gcc/arm-atollic-eabi/6.3.1/../../../../arm-atollic-eabi/lib/armv7e-m/fpu/libc_nano.a(lib_a-memcpy-stub.o)
                0x0000000008003c64                memcpy
 .text.memmove  0x0000000008003c7a       0x34 /opt/Atollic_TrueSTUDIO_for_STM32_x86_64_9.2.0/ARMTools/bin/../lib/gcc/arm-atollic-eabi/6.3.1/../../../../arm-atollic-eabi/lib/armv7e-m/fpu/libc_nano.a(lib_a-memmove.o)
                0x0000000008003c7a                memmove
 *fill*         0x0000000008003cae        0x2 
 .text._free_r  0x0000000008003cb0       0x9c /opt/Atollic_TrueSTUDIO_for_STM32_x86_64_9.2.0/ARMTools/bin/../lib/gcc/arm-atollic-eabi/6.3.1/../../../../arm-atollic-eabi/lib/armv7e-m/fpu/libc_nano.a(lib_a-nano-freer.o)
                0x0000000008003cb0                _free_r
 .text._malloc_r
                0x0000000008003d4c       0xbc /opt/Atollic_TrueSTUDIO_for_STM32_x86_64_9.2.0/ARMTools/bin/../lib/gcc/arm-atollic-eabi/6.3.1/../../../../arm-atollic-eabi/lib/armv7e-m/fpu/libc_nano.a(lib_a-nano-mallocr.o)
                0x0000000008003d4c                _malloc_r
 .text._realloc_r
                0x0000000008003e08       0x4c /opt/Atollic_TrueSTUDIO_for_STM32_x86_64_9.2.0/ARMTools/bin/../lib/gcc/arm-atollic-eabi/6.3.1/../../../../arm-atollic-eabi/lib/armv7e-m/fpu/libc_nano.a(lib_a-nano-reallocr.o)
                0x0000000008003e08                _realloc_r
 .text._sbrk_r  0x0000000008003e54       0x20 /opt/Atollic_TrueSTUDIO_for_STM32_x86_64_9.2.0/ARMTools/bin/../lib/gcc/arm-atollic-eabi/6.3.1/../../../../arm-atollic-eabi/lib/armv7e-m/fpu/libc_nano.a(lib_a-sbrkr.o)
                0x0000000008003e54                _sbrk_r
 .text.__malloc_lock
                0x0000000008003e74        0x2 /opt/Atollic_TrueSTUDIO_for_STM32_x86_64_9.2.0/ARMTools/bin/../lib/gcc/arm-atollic-eabi/6.3.1/../../../../arm-atollic-eabi/lib/armv7e-m/fpu/libc_nano.a(lib_a-mlock.o)
                0x0000000008003e74                __malloc_lock
 .text.__malloc_unlock
                0x0000000008003e76        0x2 /opt/Atollic_TrueSTUDIO_for_STM32_x86_64_9.2.0/ARMTools/bin/../lib/gcc/arm-atollic-eabi/6.3.1/../../../../arm-atollic-eabi/lib/armv7e-m/fpu/libc_nano.a(lib_a-mlock.o)
                0x0000000008003e76                __malloc_unlock
 .text._malloc_usable_size_r
                0x0000000008003e78       0x12 /opt/Atollic_TrueSTUDIO_for_STM32_x86_64_9.2.0/ARMTools/bin/../lib/gcc/arm-atollic-eabi/6.3.1/../../../../arm-atollic-eabi/lib/armv7e-m/fpu/libc_nano.a(lib_a-nano-msizer.o)
                0x0000000008003e78                _malloc_usable_size_r
 .text.abort    0x0000000008003e8a        0xe /opt/Atollic_TrueSTUDIO_for_STM32_x86_64_9.2.0/ARMTools/bin/../lib/gcc/arm-atollic-eabi/6.3.1/../../../../arm-atollic-eabi/lib/armv7e-m/fpu/libc_nano.a(lib_a-abort.o)
                0x0000000008003e8a                abort
 .text._raise_r
                0x0000000008003e98       0x50 /opt/Atollic_TrueSTUDIO_for_STM32_x86_64_9.2.0/ARMTools/bin/../lib/gcc/arm-atollic-eabi/6.3.1/../../../../arm-atollic-eabi/lib/armv7e-m/fpu/libc_nano.a(lib_a-signal.o)
                0x0000000008003e98                _raise_r
 .text.raise    0x0000000008003ee8       0x10 /opt/Atollic_TrueSTUDIO_for_STM32_x86_64_9.2.0/ARMTools/bin/../lib/gcc/arm-atollic-eabi/6.3.1/../../../../arm-atollic-eabi/lib/armv7e-m/fpu/libc_nano.a(lib_a-signal.o)
                0x0000000008003ee8                raise
 .text._kill_r  0x0000000008003ef8       0x24 /opt/Atollic_TrueSTUDIO_for_STM32_x86_64_9.2.0/ARMTools/bin/../lib/gcc/arm-atollic-eabi/6.3.1/../../../../arm-atollic-eabi/lib/armv7e-m/fpu/libc_nano.a(lib_a-signalr.o)
                0x0000000008003ef8                _kill_r
 .text._getpid_r
                0x0000000008003f1c        0x4 /opt/Atollic_TrueSTUDIO_for_STM32_x86_64_9.2.0/ARMTools/bin/../lib/gcc/arm-atollic-eabi/6.3.1/../../../../arm-atollic-eabi/lib/armv7e-m/fpu/libc_nano.a(lib_a-signalr.o)
                0x0000000008003f1c                _getpid_r
 .text._getpid  0x0000000008003f20       0x10 /opt/Atollic_TrueSTUDIO_for_STM32_x86_64_9.2.0/ARMTools/bin/../lib/gcc/arm-atollic-eabi/6.3.1/../../../../arm-atollic-eabi/lib/armv7e-m/fpu/libnosys.a(getpid.o)
                0x0000000008003f20                _getpid
 .text._kill    0x0000000008003f30       0x10 /opt/Atollic_TrueSTUDIO_for_STM32_x86_64_9.2.0/ARMTools/bin/../lib/gcc/arm-atollic-eabi/6.3.1/../../../../arm-atollic-eabi/lib/armv7e-m/fpu/libnosys.a(kill.o)
                0x0000000008003f30                _kill
 .text._sbrk    0x0000000008003f40       0x1c /opt/Atollic_TrueSTUDIO_for_STM32_x86_64_9.2.0/ARMTools/bin/../lib/gcc/arm-atollic-eabi/6.3.1/../../../../arm-atollic-eabi/lib/armv7e-m/fpu/libnosys.a(sbrk.o)
                0x0000000008003f40                _sbrk
 .text._exit    0x0000000008003f5c        0x2 /opt/Atollic_TrueSTUDIO_for_STM32_x86_64_9.2.0/ARMTools/bin/../lib/gcc/arm-atollic-eabi/6.3.1/../../../../arm-atollic-eabi/lib/armv7e-m/fpu/libnosys.a(_exit.o)
                0x0000000008003f5c                _exit
 *(.glue_7)
 .glue_7        0x0000000008003f5e        0x0 linker stubs
 *(.glue_7t)
 .glue_7t       0x0000000008003f5e        0x0 linker stubs
 *(.eh_frame)
 *fill*         0x0000000008003f5e        0x2 
 .eh_frame      0x0000000008003f60        0x0 /opt/Atollic_TrueSTUDIO_for_STM32_x86_64_9.2.0/ARMTools/bin/../lib/gcc/arm-atollic-eabi/6.3.1/armv7e-m/fpu/crtbegin.o
 *(.init)
 .init          0x0000000008003f60        0x4 /opt/Atollic_TrueSTUDIO_for_STM32_x86_64_9.2.0/ARMTools/bin/../lib/gcc/arm-atollic-eabi/6.3.1/armv7e-m/fpu/crti.o
                0x0000000008003f60                _init
 .init          0x0000000008003f64        0x8 /opt/Atollic_TrueSTUDIO_for_STM32_x86_64_9.2.0/ARMTools/bin/../lib/gcc/arm-atollic-eabi/6.3.1/armv7e-m/fpu/crtn.o
 *(.fini)
 .fini          0x0000000008003f6c        0x4 /opt/Atollic_TrueSTUDIO_for_STM32_x86_64_9.2.0/ARMTools/bin/../lib/gcc/arm-atollic-eabi/6.3.1/armv7e-m/fpu/crti.o
                0x0000000008003f6c                _fini
 .fini          0x0000000008003f70        0x8 /opt/Atollic_TrueSTUDIO_for_STM32_x86_64_9.2.0/ARMTools/bin/../lib/gcc/arm-atollic-eabi/6.3.1/armv7e-m/fpu/crtn.o
                0x0000000008003f78                . = ALIGN (0x4)
                0x0000000008003f78                _etext = .

.vfp11_veneer   0x0000000008003f78        0x0
 .vfp11_veneer  0x0000000008003f78        0x0 linker stubs

.v4_bx          0x0000000008003f78        0x0
 .v4_bx         0x0000000008003f78        0x0 linker stubs

.iplt           0x0000000008003f78        0x0
 .iplt          0x0000000008003f78        0x0 /opt/Atollic_TrueSTUDIO_for_STM32_x86_64_9.2.0/ARMTools/bin/../lib/gcc/arm-atollic-eabi/6.3.1/armv7e-m/fpu/crtbegin.o

.rodata         0x0000000008003f78       0x5c
                0x0000000008003f78                . = ALIGN (0x4)
 *(.rodata)
 .rodata        0x0000000008003f78        0xe Src/main.o
 *(.rodata*)
 .rodata.AHBPrescTable
                0x0000000008003f86       0x10 Src/system_stm32f4xx.o
                0x0000000008003f86                AHBPrescTable
 .rodata.APBPrescTable
                0x0000000008003f96        0x8 Src/system_stm32f4xx.o
                0x0000000008003f96                APBPrescTable
 .rodata._svfprintf_r.str1.1
                0x0000000008003f9e       0x11 /opt/Atollic_TrueSTUDIO_for_STM32_x86_64_9.2.0/ARMTools/bin/../lib/gcc/arm-atollic-eabi/6.3.1/../../../../arm-atollic-eabi/lib/armv7e-m/fpu/libc_nano.a(lib_a-nano-svfprintf.o)
 .rodata._printf_i.str1.1
                0x0000000008003faf       0x22 /opt/Atollic_TrueSTUDIO_for_STM32_x86_64_9.2.0/ARMTools/bin/../lib/gcc/arm-atollic-eabi/6.3.1/../../../../arm-atollic-eabi/lib/armv7e-m/fpu/libc_nano.a(lib_a-nano-vfprintf_i.o)
                0x0000000008003fd4                . = ALIGN (0x4)
 *fill*         0x0000000008003fd1        0x3 

.ARM.extab      0x0000000008003fd4       0x84
 *(.ARM.extab* .gnu.linkonce.armextab.*)
 .ARM.extab.text.HAL_TIM_IC_CaptureCallback
                0x0000000008003fd4        0xc Src/main.o
 .ARM.extab.text.HAL_TIM_PWM_PulseFinishedCallback
                0x0000000008003fe0        0xc Src/main.o
 .ARM.extab.text.HAL_TIM_PeriodElapsedCallback
                0x0000000008003fec        0xc Src/main.o
 .ARM.extab.text.main
                0x0000000008003ff8        0xc Src/main.o
 .ARM.extab.text._Z18SystemClock_Configv
                0x0000000008004004        0xc Src/main.o
 .ARM.extab.text._ZL12MX_TIM2_Initv
                0x0000000008004010        0xc Src/main.o
 .ARM.extab.text._ZL12MX_TIM5_Initv
                0x000000000800401c        0xc Src/main.o
 .ARM.extab.text._ZL12MX_GPIO_Initv
                0x0000000008004028        0xc Src/main.o
 .ARM.extab.text._ZN5Clock9setSourceE11ClockSource
                0x0000000008004034        0xc User/clock.o
 .ARM.extab     0x0000000008004040       0x18 /opt/Atollic_TrueSTUDIO_for_STM32_x86_64_9.2.0/ARMTools/bin/../lib/gcc/arm-atollic-eabi/6.3.1/armv7e-m/fpu/libgcc.a(pr-support.o)

.ARM            0x0000000008004058      0x128
                0x0000000008004058                __exidx_start = .
 *(.ARM.exidx*)
 .ARM.exidx.text.HAL_TIM_IC_CaptureCallback
                0x0000000008004110        0x8 Src/main.o
 .ARM.exidx.text.HAL_TIM_PWM_PulseFinishedCallback
                0x0000000008004118        0x8 Src/main.o
 .ARM.exidx.text.HAL_TIM_PeriodElapsedCallback
                0x0000000008004120        0x8 Src/main.o
 .ARM.exidx.text.main
                0x0000000008004128        0x8 Src/main.o
 .ARM.exidx.text._Z18SystemClock_Configv
                0x0000000008004130        0x8 Src/main.o
 .ARM.exidx.text._ZL12MX_TIM2_Initv
                0x0000000008004138        0x8 Src/main.o
 .ARM.exidx.text._ZL12MX_TIM5_Initv
                0x0000000008004140        0x8 Src/main.o
 .ARM.exidx.text._ZL19MX_USART2_UART_Initv
                0x0000000008004148        0x8 Src/main.o
 .ARM.exidx.text._ZL12MX_GPIO_Initv
                0x0000000008004150        0x8 Src/main.o
 .ARM.exidx.text.Error_Handler
                0x0000000008004158        0x8 Src/main.o
 .ARM.exidx.text._Z41__static_initialization_and_destruction_0ii
                0x0000000008004160        0x0 Src/main.o
                                          0x8 (size before relaxing)
 .ARM.exidx.text._GLOBAL__sub_I_htim2
                0x0000000008004160        0x0 Src/main.o
                                          0x8 (size before relaxing)
 .ARM.exidx.text.NMI_Handler
                0x0000000008004160        0x0 Src/stm32f4xx_it.o
                                          0x8 (size before relaxing)
 .ARM.exidx.text.HardFault_Handler
                0x0000000008004160        0x0 Src/stm32f4xx_it.o
                                          0x8 (size before relaxing)
 .ARM.exidx.text.MemManage_Handler
                0x0000000008004160        0x0 Src/stm32f4xx_it.o
                                          0x8 (size before relaxing)
 .ARM.exidx.text.BusFault_Handler
                0x0000000008004160        0x0 Src/stm32f4xx_it.o
                                          0x8 (size before relaxing)
 .ARM.exidx.text.UsageFault_Handler
                0x0000000008004160        0x0 Src/stm32f4xx_it.o
                                          0x8 (size before relaxing)
 .ARM.exidx.text.SVC_Handler
                0x0000000008004160        0x0 Src/stm32f4xx_it.o
                                          0x8 (size before relaxing)
 .ARM.exidx.text.DebugMon_Handler
                0x0000000008004160        0x0 Src/stm32f4xx_it.o
                                          0x8 (size before relaxing)
 .ARM.exidx.text.PendSV_Handler
                0x0000000008004160        0x0 Src/stm32f4xx_it.o
                                          0x8 (size before relaxing)
 .ARM.exidx.text.SysTick_Handler
                0x0000000008004160        0x8 Src/stm32f4xx_it.o
 .ARM.exidx.text.TIM2_IRQHandler
                0x0000000008004168        0x0 Src/stm32f4xx_it.o
                                          0x8 (size before relaxing)
 .ARM.exidx.text.TIM5_IRQHandler
                0x0000000008004168        0x8 Src/stm32f4xx_it.o
 .ARM.exidx.text._ZN5ClockC2Ev
                0x0000000008004170        0x0 User/clock.o
                                          0x8 (size before relaxing)
 .ARM.exidx.text._ZN5ClockD2Ev
                0x0000000008004170        0x0 User/clock.o
                                          0x8 (size before relaxing)
 .ARM.exidx.text._ZN5Clock10masterTickEv
                0x0000000008004170        0x0 User/clock.o
                                          0x8 (size before relaxing)
 .ARM.exidx.text._ZN5Clock7subTickEv
                0x0000000008004170        0x0 User/clock.o
                                          0x8 (size before relaxing)
 .ARM.exidx.text._ZN5Clock8setTimerEP17TIM_HandleTypeDefS1_
                0x0000000008004170        0x0 User/clock.o
                                          0x8 (size before relaxing)
 .ARM.exidx.text._ZN5Clock9setPeriodEv
                0x0000000008004170        0x0 User/clock.o
                                          0x8 (size before relaxing)
 .ARM.exidx.text._ZN5Clock9setPeriodEj
                0x0000000008004170        0x0 User/clock.o
                                          0x8 (size before relaxing)
 .ARM.exidx.text._ZN5Clock9setSourceE11ClockSource
                0x0000000008004170        0x8 User/clock.o
 .ARM.exidx.text._ZN5Clock16setSlaveDivisionEj
                0x0000000008004178        0x8 User/clock.o
 .ARM.exidx     0x0000000008004058        0x8 /opt/Atollic_TrueSTUDIO_for_STM32_x86_64_9.2.0/ARMTools/bin/../lib/gcc/arm-atollic-eabi/6.3.1/armv7e-m/fpu/libgcc.a(_udivmoddi4.o)
 .ARM.exidx     0x0000000008004060       0x78 /opt/Atollic_TrueSTUDIO_for_STM32_x86_64_9.2.0/ARMTools/bin/../lib/gcc/arm-atollic-eabi/6.3.1/armv7e-m/fpu/libgcc.a(unwind-arm.o)
                                         0xd8 (size before relaxing)
 .ARM.exidx     0x00000000080040d8       0x38 /opt/Atollic_TrueSTUDIO_for_STM32_x86_64_9.2.0/ARMTools/bin/../lib/gcc/arm-atollic-eabi/6.3.1/armv7e-m/fpu/libgcc.a(pr-support.o)
                                         0x48 (size before relaxing)
                0x0000000008004180                __exidx_end = .

.rel.dyn        0x0000000008004180        0x0
 .rel.iplt      0x0000000008004180        0x0 /opt/Atollic_TrueSTUDIO_for_STM32_x86_64_9.2.0/ARMTools/bin/../lib/gcc/arm-atollic-eabi/6.3.1/armv7e-m/fpu/crtbegin.o

.preinit_array  0x0000000008004180        0x0
                0x0000000008004180                PROVIDE (__preinit_array_start, .)
 *(.preinit_array*)
                0x0000000008004180                PROVIDE (__preinit_array_end, .)

.init_array     0x0000000008004180        0x8
                0x0000000008004180                PROVIDE (__init_array_start, .)
 *(SORT(.init_array.*))
 *(.init_array*)
 .init_array    0x0000000008004180        0x4 /opt/Atollic_TrueSTUDIO_for_STM32_x86_64_9.2.0/ARMTools/bin/../lib/gcc/arm-atollic-eabi/6.3.1/armv7e-m/fpu/crtbegin.o
 .init_array    0x0000000008004184        0x4 Src/main.o
                0x0000000008004188                PROVIDE (__init_array_end, .)

.fini_array     0x0000000008004188        0x4
                [!provide]                        PROVIDE (__fini_array_start, .)
 *(SORT(.fini_array.*))
 *(.fini_array*)
 .fini_array    0x0000000008004188        0x4 /opt/Atollic_TrueSTUDIO_for_STM32_x86_64_9.2.0/ARMTools/bin/../lib/gcc/arm-atollic-eabi/6.3.1/armv7e-m/fpu/crtbegin.o
                [!provide]                        PROVIDE (__fini_array_end, .)
                0x000000000800418c                _sidata = LOADADDR (.data)

.data           0x0000000020000000       0x74 load address 0x000000000800418c
                0x0000000020000000                . = ALIGN (0x4)
                0x0000000020000000                _sdata = .
 *(.data)
 .data          0x0000000020000000        0x4 /opt/Atollic_TrueSTUDIO_for_STM32_x86_64_9.2.0/ARMTools/bin/../lib/gcc/arm-atollic-eabi/6.3.1/armv7e-m/fpu/crtbegin.o
                0x0000000020000000                __dso_handle
 *(.data*)
 .data.uwTickFreq
                0x0000000020000004        0x1 Drivers/STM32F4xx_HAL_Driver/Src/stm32f4xx_hal.o
                0x0000000020000004                uwTickFreq
 *fill*         0x0000000020000005        0x3 
 .data.uwTickPrio
                0x0000000020000008        0x4 Drivers/STM32F4xx_HAL_Driver/Src/stm32f4xx_hal.o
                0x0000000020000008                uwTickPrio
 .data.SystemCoreClock
                0x000000002000000c        0x4 Src/system_stm32f4xx.o
                0x000000002000000c                SystemCoreClock
 .data._impure_ptr
                0x0000000020000010        0x4 /opt/Atollic_TrueSTUDIO_for_STM32_x86_64_9.2.0/ARMTools/bin/../lib/gcc/arm-atollic-eabi/6.3.1/../../../../arm-atollic-eabi/lib/armv7e-m/fpu/libc_nano.a(lib_a-impure.o)
                0x0000000020000010                _impure_ptr
 .data.impure_data
                0x0000000020000014       0x60 /opt/Atollic_TrueSTUDIO_for_STM32_x86_64_9.2.0/ARMTools/bin/../lib/gcc/arm-atollic-eabi/6.3.1/../../../../arm-atollic-eabi/lib/armv7e-m/fpu/libc_nano.a(lib_a-impure.o)
                0x0000000020000074                . = ALIGN (0x4)
                0x0000000020000074                _edata = .
                0x0000000008004200                _siccmram = LOADADDR (.ccmram)

.igot.plt       0x0000000020000074        0x0 load address 0x0000000008004200
 .igot.plt      0x0000000020000074        0x0 /opt/Atollic_TrueSTUDIO_for_STM32_x86_64_9.2.0/ARMTools/bin/../lib/gcc/arm-atollic-eabi/6.3.1/armv7e-m/fpu/crtbegin.o

.ccmram         0x0000000010000000        0x0 load address 0x0000000008004200
                0x0000000010000000                . = ALIGN (0x4)
                0x0000000010000000                _sccmram = .
 *(.ccmram)
 *(.ccmram*)
                0x0000000010000000                . = ALIGN (0x4)
                0x0000000010000000                _eccmram = .
                0x0000000010000000                . = ALIGN (0x4)

.bss            0x0000000020000074      0x10c
                0x0000000020000074                _sbss = .
                0x0000000020000074                __bss_start__ = _sbss
 *(.bss)
 .bss           0x0000000020000074       0x1c /opt/Atollic_TrueSTUDIO_for_STM32_x86_64_9.2.0/ARMTools/bin/../lib/gcc/arm-atollic-eabi/6.3.1/armv7e-m/fpu/crtbegin.o
 .bss           0x0000000020000090       0xdc Src/main.o
                0x0000000020000090                htim2
                0x00000000200000cc                htim5
                0x0000000020000108                huart2
                0x0000000020000148                clock
 *(.bss*)
 .bss.__malloc_free_list
                0x000000002000016c        0x4 /opt/Atollic_TrueSTUDIO_for_STM32_x86_64_9.2.0/ARMTools/bin/../lib/gcc/arm-atollic-eabi/6.3.1/../../../../arm-atollic-eabi/lib/armv7e-m/fpu/libc_nano.a(lib_a-nano-mallocr.o)
                0x000000002000016c                __malloc_free_list
 .bss.__malloc_sbrk_start
                0x0000000020000170        0x4 /opt/Atollic_TrueSTUDIO_for_STM32_x86_64_9.2.0/ARMTools/bin/../lib/gcc/arm-atollic-eabi/6.3.1/../../../../arm-atollic-eabi/lib/armv7e-m/fpu/libc_nano.a(lib_a-nano-mallocr.o)
                0x0000000020000170                __malloc_sbrk_start
 .bss.heap_end.5239
                0x0000000020000174        0x4 /opt/Atollic_TrueSTUDIO_for_STM32_x86_64_9.2.0/ARMTools/bin/../lib/gcc/arm-atollic-eabi/6.3.1/../../../../arm-atollic-eabi/lib/armv7e-m/fpu/libnosys.a(sbrk.o)
 *(COMMON)
 COMMON         0x0000000020000178        0x4 Drivers/STM32F4xx_HAL_Driver/Src/stm32f4xx_hal.o
                0x0000000020000178                uwTick
 COMMON         0x000000002000017c        0x4 /opt/Atollic_TrueSTUDIO_for_STM32_x86_64_9.2.0/ARMTools/bin/../lib/gcc/arm-atollic-eabi/6.3.1/../../../../arm-atollic-eabi/lib/armv7e-m/fpu/libc_nano.a(lib_a-reent.o)
                0x000000002000017c                errno
                0x0000000020000180                . = ALIGN (0x4)
                0x0000000020000180                _ebss = .
                0x0000000020000180                __bss_end__ = _ebss

._user_heap_stack
                0x0000000020000180      0x600
                0x0000000020000180                . = ALIGN (0x4)
                0x0000000020000180                PROVIDE (end, .)
                [!provide]                        PROVIDE (_end, .)
                0x0000000020000380                . = (. + _Min_Heap_Size)
 *fill*         0x0000000020000180      0x200 
                0x0000000020000780                . = (. + _Min_Stack_Size)
 *fill*         0x0000000020000380      0x400 
                0x0000000020000780                . = ALIGN (0x4)

/DISCARD/
 libc.a(*)
 libm.a(*)
 libgcc.a(*)

.ARM.attributes
                0x0000000000000000       0x30
 *(.ARM.attributes)
 .ARM.attributes
                0x0000000000000000       0x22 /opt/Atollic_TrueSTUDIO_for_STM32_x86_64_9.2.0/ARMTools/bin/../lib/gcc/arm-atollic-eabi/6.3.1/armv7e-m/fpu/crti.o
 .ARM.attributes
                0x0000000000000022       0x34 /opt/Atollic_TrueSTUDIO_for_STM32_x86_64_9.2.0/ARMTools/bin/../lib/gcc/arm-atollic-eabi/6.3.1/armv7e-m/fpu/crtbegin.o
 .ARM.attributes
                0x0000000000000056       0x39 Drivers/STM32F4xx_HAL_Driver/Src/stm32f4xx_hal.o
 .ARM.attributes
                0x000000000000008f       0x39 Drivers/STM32F4xx_HAL_Driver/Src/stm32f4xx_hal_cortex.o
 .ARM.attributes
                0x00000000000000c8       0x39 Drivers/STM32F4xx_HAL_Driver/Src/stm32f4xx_hal_gpio.o
 .ARM.attributes
                0x0000000000000101       0x39 Drivers/STM32F4xx_HAL_Driver/Src/stm32f4xx_hal_rcc.o
 .ARM.attributes
                0x000000000000013a       0x39 Drivers/STM32F4xx_HAL_Driver/Src/stm32f4xx_hal_tim.o
 .ARM.attributes
                0x0000000000000173       0x39 Drivers/STM32F4xx_HAL_Driver/Src/stm32f4xx_hal_tim_ex.o
 .ARM.attributes
                0x00000000000001ac       0x39 Drivers/STM32F4xx_HAL_Driver/Src/stm32f4xx_hal_uart.o
 .ARM.attributes
                0x00000000000001e5       0x39 Src/main.o
 .ARM.attributes
                0x000000000000021e       0x39 Src/stm32f4xx_hal_msp.o
 .ARM.attributes
                0x0000000000000257       0x39 Src/stm32f4xx_it.o
 .ARM.attributes
                0x0000000000000290       0x39 Src/system_stm32f4xx.o
 .ARM.attributes
                0x00000000000002c9       0x39 User/clock.o
 .ARM.attributes
                0x0000000000000302       0x21 startup/startup_stm32f405xx.o
 .ARM.attributes
                0x0000000000000323       0x34 /opt/Atollic_TrueSTUDIO_for_STM32_x86_64_9.2.0/ARMTools/bin/../lib/gcc/arm-atollic-eabi/6.3.1/../../../../arm-atollic-eabi/lib/armv7e-m/fpu/libstdc++_nano.a(atexit_arm.o)
 .ARM.attributes
                0x0000000000000357       0x34 /opt/Atollic_TrueSTUDIO_for_STM32_x86_64_9.2.0/ARMTools/bin/../lib/gcc/arm-atollic-eabi/6.3.1/../../../../arm-atollic-eabi/lib/armv7e-m/fpu/libc_nano.a(lib_a-cxa_atexit.o)
 .ARM.attributes
                0x000000000000038b       0x34 /opt/Atollic_TrueSTUDIO_for_STM32_x86_64_9.2.0/ARMTools/bin/../lib/gcc/arm-atollic-eabi/6.3.1/../../../../arm-atollic-eabi/lib/armv7e-m/fpu/libc_nano.a(lib_a-init.o)
 .ARM.attributes
                0x00000000000003bf       0x34 /opt/Atollic_TrueSTUDIO_for_STM32_x86_64_9.2.0/ARMTools/bin/../lib/gcc/arm-atollic-eabi/6.3.1/../../../../arm-atollic-eabi/lib/armv7e-m/fpu/libc_nano.a(lib_a-memset.o)
 .ARM.attributes
                0x00000000000003f3       0x34 /opt/Atollic_TrueSTUDIO_for_STM32_x86_64_9.2.0/ARMTools/bin/../lib/gcc/arm-atollic-eabi/6.3.1/../../../../arm-atollic-eabi/lib/armv7e-m/fpu/libc_nano.a(lib_a-sprintf.o)
 .ARM.attributes
                0x0000000000000427       0x34 /opt/Atollic_TrueSTUDIO_for_STM32_x86_64_9.2.0/ARMTools/bin/../lib/gcc/arm-atollic-eabi/6.3.1/../../../../arm-atollic-eabi/lib/armv7e-m/fpu/libc_nano.a(lib_a-impure.o)
 .ARM.attributes
                0x000000000000045b       0x34 /opt/Atollic_TrueSTUDIO_for_STM32_x86_64_9.2.0/ARMTools/bin/../lib/gcc/arm-atollic-eabi/6.3.1/../../../../arm-atollic-eabi/lib/armv7e-m/fpu/libc_nano.a(lib_a-nano-svfprintf.o)
 .ARM.attributes
                0x000000000000048f       0x34 /opt/Atollic_TrueSTUDIO_for_STM32_x86_64_9.2.0/ARMTools/bin/../lib/gcc/arm-atollic-eabi/6.3.1/../../../../arm-atollic-eabi/lib/armv7e-m/fpu/libc_nano.a(lib_a-nano-vfprintf_i.o)
 .ARM.attributes
                0x00000000000004c3       0x20 /opt/Atollic_TrueSTUDIO_for_STM32_x86_64_9.2.0/ARMTools/bin/../lib/gcc/arm-atollic-eabi/6.3.1/../../../../arm-atollic-eabi/lib/armv7e-m/fpu/libc_nano.a(lib_a-memchr.o)
 .ARM.attributes
                0x00000000000004e3       0x34 /opt/Atollic_TrueSTUDIO_for_STM32_x86_64_9.2.0/ARMTools/bin/../lib/gcc/arm-atollic-eabi/6.3.1/../../../../arm-atollic-eabi/lib/armv7e-m/fpu/libc_nano.a(lib_a-memcpy-stub.o)
 .ARM.attributes
                0x0000000000000517       0x34 /opt/Atollic_TrueSTUDIO_for_STM32_x86_64_9.2.0/ARMTools/bin/../lib/gcc/arm-atollic-eabi/6.3.1/../../../../arm-atollic-eabi/lib/armv7e-m/fpu/libc_nano.a(lib_a-memmove.o)
 .ARM.attributes
                0x000000000000054b       0x34 /opt/Atollic_TrueSTUDIO_for_STM32_x86_64_9.2.0/ARMTools/bin/../lib/gcc/arm-atollic-eabi/6.3.1/../../../../arm-atollic-eabi/lib/armv7e-m/fpu/libc_nano.a(lib_a-nano-freer.o)
 .ARM.attributes
                0x000000000000057f       0x34 /opt/Atollic_TrueSTUDIO_for_STM32_x86_64_9.2.0/ARMTools/bin/../lib/gcc/arm-atollic-eabi/6.3.1/../../../../arm-atollic-eabi/lib/armv7e-m/fpu/libc_nano.a(lib_a-nano-mallocr.o)
 .ARM.attributes
                0x00000000000005b3       0x34 /opt/Atollic_TrueSTUDIO_for_STM32_x86_64_9.2.0/ARMTools/bin/../lib/gcc/arm-atollic-eabi/6.3.1/../../../../arm-atollic-eabi/lib/armv7e-m/fpu/libc_nano.a(lib_a-nano-reallocr.o)
 .ARM.attributes
                0x00000000000005e7       0x34 /opt/Atollic_TrueSTUDIO_for_STM32_x86_64_9.2.0/ARMTools/bin/../lib/gcc/arm-atollic-eabi/6.3.1/../../../../arm-atollic-eabi/lib/armv7e-m/fpu/libc_nano.a(lib_a-sbrkr.o)
 .ARM.attributes
                0x000000000000061b       0x34 /opt/Atollic_TrueSTUDIO_for_STM32_x86_64_9.2.0/ARMTools/bin/../lib/gcc/arm-atollic-eabi/6.3.1/../../../../arm-atollic-eabi/lib/armv7e-m/fpu/libc_nano.a(lib_a-mlock.o)
 .ARM.attributes
                0x000000000000064f       0x34 /opt/Atollic_TrueSTUDIO_for_STM32_x86_64_9.2.0/ARMTools/bin/../lib/gcc/arm-atollic-eabi/6.3.1/../../../../arm-atollic-eabi/lib/armv7e-m/fpu/libc_nano.a(lib_a-nano-msizer.o)
 .ARM.attributes
                0x0000000000000683       0x34 /opt/Atollic_TrueSTUDIO_for_STM32_x86_64_9.2.0/ARMTools/bin/../lib/gcc/arm-atollic-eabi/6.3.1/../../../../arm-atollic-eabi/lib/armv7e-m/fpu/libc_nano.a(lib_a-reent.o)
 .ARM.attributes
                0x00000000000006b7       0x22 /opt/Atollic_TrueSTUDIO_for_STM32_x86_64_9.2.0/ARMTools/bin/../lib/gcc/arm-atollic-eabi/6.3.1/armv7e-m/fpu/libgcc.a(_aeabi_uldivmod.o)
 .ARM.attributes
                0x00000000000006d9       0x34 /opt/Atollic_TrueSTUDIO_for_STM32_x86_64_9.2.0/ARMTools/bin/../lib/gcc/arm-atollic-eabi/6.3.1/armv7e-m/fpu/libgcc.a(_udivmoddi4.o)
 .ARM.attributes
                0x000000000000070d       0x22 /opt/Atollic_TrueSTUDIO_for_STM32_x86_64_9.2.0/ARMTools/bin/../lib/gcc/arm-atollic-eabi/6.3.1/armv7e-m/fpu/libgcc.a(_dvmd_tls.o)
 .ARM.attributes
                0x000000000000072f       0x34 /opt/Atollic_TrueSTUDIO_for_STM32_x86_64_9.2.0/ARMTools/bin/../lib/gcc/arm-atollic-eabi/6.3.1/../../../../arm-atollic-eabi/lib/armv7e-m/fpu/libnosys.a(sbrk.o)
 .ARM.attributes
                0x0000000000000763       0x22 /opt/Atollic_TrueSTUDIO_for_STM32_x86_64_9.2.0/ARMTools/bin/../lib/gcc/arm-atollic-eabi/6.3.1/armv7e-m/fpu/crtn.o
OUTPUT(ClockModule.elf elf32-littlearm)

.debug_info     0x0000000000000000    0x12736
 .debug_info    0x0000000000000000     0x11da Drivers/STM32F4xx_HAL_Driver/Src/stm32f4xx_hal.o
 .debug_info    0x00000000000011da     0x1732 Drivers/STM32F4xx_HAL_Driver/Src/stm32f4xx_hal_cortex.o
 .debug_info    0x000000000000290c      0xf88 Drivers/STM32F4xx_HAL_Driver/Src/stm32f4xx_hal_gpio.o
 .debug_info    0x0000000000003894     0x1269 Drivers/STM32F4xx_HAL_Driver/Src/stm32f4xx_hal_rcc.o
 .debug_info    0x0000000000004afd     0x3ba2 Drivers/STM32F4xx_HAL_Driver/Src/stm32f4xx_hal_tim.o
 .debug_info    0x000000000000869f     0x19a5 Drivers/STM32F4xx_HAL_Driver/Src/stm32f4xx_hal_tim_ex.o
 .debug_info    0x000000000000a044     0x1ea3 Drivers/STM32F4xx_HAL_Driver/Src/stm32f4xx_hal_uart.o
 .debug_info    0x000000000000bee7     0x1c7f Src/main.o
 .debug_info    0x000000000000db66     0x1750 Src/stm32f4xx_hal_msp.o
 .debug_info    0x000000000000f2b6     0x1408 Src/stm32f4xx_it.o
 .debug_info    0x00000000000106be      0xd1c Src/system_stm32f4xx.o
 .debug_info    0x00000000000113da     0x12ee User/clock.o
 .debug_info    0x00000000000126c8       0x6e startup/startup_stm32f405xx.o

.debug_abbrev   0x0000000000000000     0x240b
 .debug_abbrev  0x0000000000000000      0x308 Drivers/STM32F4xx_HAL_Driver/Src/stm32f4xx_hal.o
 .debug_abbrev  0x0000000000000308      0x399 Drivers/STM32F4xx_HAL_Driver/Src/stm32f4xx_hal_cortex.o
 .debug_abbrev  0x00000000000006a1      0x268 Drivers/STM32F4xx_HAL_Driver/Src/stm32f4xx_hal_gpio.o
 .debug_abbrev  0x0000000000000909      0x353 Drivers/STM32F4xx_HAL_Driver/Src/stm32f4xx_hal_rcc.o
 .debug_abbrev  0x0000000000000c5c      0x3ac Drivers/STM32F4xx_HAL_Driver/Src/stm32f4xx_hal_tim.o
 .debug_abbrev  0x0000000000001008      0x300 Drivers/STM32F4xx_HAL_Driver/Src/stm32f4xx_hal_tim_ex.o
 .debug_abbrev  0x0000000000001308      0x397 Drivers/STM32F4xx_HAL_Driver/Src/stm32f4xx_hal_uart.o
 .debug_abbrev  0x000000000000169f      0x3b7 Src/main.o
 .debug_abbrev  0x0000000000001a56      0x26c Src/stm32f4xx_hal_msp.o
 .debug_abbrev  0x0000000000001cc2      0x2a2 Src/stm32f4xx_it.o
 .debug_abbrev  0x0000000000001f64      0x1ca Src/system_stm32f4xx.o
 .debug_abbrev  0x000000000000212e      0x2cb User/clock.o
 .debug_abbrev  0x00000000000023f9       0x12 startup/startup_stm32f405xx.o

.debug_loc      0x0000000000000000     0x5b31
 .debug_loc     0x0000000000000000      0x11b Drivers/STM32F4xx_HAL_Driver/Src/stm32f4xx_hal.o
 .debug_loc     0x000000000000011b      0x4fb Drivers/STM32F4xx_HAL_Driver/Src/stm32f4xx_hal_cortex.o
 .debug_loc     0x0000000000000616      0x3cd Drivers/STM32F4xx_HAL_Driver/Src/stm32f4xx_hal_gpio.o
 .debug_loc     0x00000000000009e3      0x336 Drivers/STM32F4xx_HAL_Driver/Src/stm32f4xx_hal_rcc.o
 .debug_loc     0x0000000000000d19     0x30b2 Drivers/STM32F4xx_HAL_Driver/Src/stm32f4xx_hal_tim.o
 .debug_loc     0x0000000000003dcb      0x84a Drivers/STM32F4xx_HAL_Driver/Src/stm32f4xx_hal_tim_ex.o
 .debug_loc     0x0000000000004615     0x132c Drivers/STM32F4xx_HAL_Driver/Src/stm32f4xx_hal_uart.o
 .debug_loc     0x0000000000005941       0xd4 Src/stm32f4xx_hal_msp.o
 .debug_loc     0x0000000000005a15      0x11c Src/system_stm32f4xx.o

.debug_aranges  0x0000000000000000      0x908
 .debug_aranges
                0x0000000000000000       0xd8 Drivers/STM32F4xx_HAL_Driver/Src/stm32f4xx_hal.o
 .debug_aranges
                0x00000000000000d8       0xa8 Drivers/STM32F4xx_HAL_Driver/Src/stm32f4xx_hal_cortex.o
 .debug_aranges
                0x0000000000000180       0x58 Drivers/STM32F4xx_HAL_Driver/Src/stm32f4xx_hal_gpio.o
 .debug_aranges
                0x00000000000001d8       0x88 Drivers/STM32F4xx_HAL_Driver/Src/stm32f4xx_hal_rcc.o
 .debug_aranges
                0x0000000000000260      0x250 Drivers/STM32F4xx_HAL_Driver/Src/stm32f4xx_hal_tim.o
 .debug_aranges
                0x00000000000004b0       0xf0 Drivers/STM32F4xx_HAL_Driver/Src/stm32f4xx_hal_tim_ex.o
 .debug_aranges
                0x00000000000005a0      0x170 Drivers/STM32F4xx_HAL_Driver/Src/stm32f4xx_hal_uart.o
 .debug_aranges
                0x0000000000000710       0x78 Src/main.o
 .debug_aranges
                0x0000000000000788       0x40 Src/stm32f4xx_hal_msp.o
 .debug_aranges
                0x00000000000007c8       0x70 Src/stm32f4xx_it.o
 .debug_aranges
                0x0000000000000838       0x28 Src/system_stm32f4xx.o
 .debug_aranges
                0x0000000000000860       0x80 User/clock.o
 .debug_aranges
                0x00000000000008e0       0x28 startup/startup_stm32f405xx.o

.debug_ranges   0x0000000000000000      0xaa0
 .debug_ranges  0x0000000000000000       0xc8 Drivers/STM32F4xx_HAL_Driver/Src/stm32f4xx_hal.o
 .debug_ranges  0x00000000000000c8      0x138 Drivers/STM32F4xx_HAL_Driver/Src/stm32f4xx_hal_cortex.o
 .debug_ranges  0x0000000000000200       0x68 Drivers/STM32F4xx_HAL_Driver/Src/stm32f4xx_hal_gpio.o
 .debug_ranges  0x0000000000000268       0xb0 Drivers/STM32F4xx_HAL_Driver/Src/stm32f4xx_hal_rcc.o
 .debug_ranges  0x0000000000000318      0x330 Drivers/STM32F4xx_HAL_Driver/Src/stm32f4xx_hal_tim.o
 .debug_ranges  0x0000000000000648       0xe0 Drivers/STM32F4xx_HAL_Driver/Src/stm32f4xx_hal_tim_ex.o
 .debug_ranges  0x0000000000000728      0x178 Drivers/STM32F4xx_HAL_Driver/Src/stm32f4xx_hal_uart.o
 .debug_ranges  0x00000000000008a0       0x68 Src/main.o
 .debug_ranges  0x0000000000000908       0x90 Src/stm32f4xx_hal_msp.o
 .debug_ranges  0x0000000000000998       0x60 Src/stm32f4xx_it.o
 .debug_ranges  0x00000000000009f8       0x18 Src/system_stm32f4xx.o
 .debug_ranges  0x0000000000000a10       0x70 User/clock.o
 .debug_ranges  0x0000000000000a80       0x20 startup/startup_stm32f405xx.o

.debug_line     0x0000000000000000     0x4b3d
 .debug_line    0x0000000000000000      0x471 Drivers/STM32F4xx_HAL_Driver/Src/stm32f4xx_hal.o
 .debug_line    0x0000000000000471      0x4bb Drivers/STM32F4xx_HAL_Driver/Src/stm32f4xx_hal_cortex.o
 .debug_line    0x000000000000092c      0x459 Drivers/STM32F4xx_HAL_Driver/Src/stm32f4xx_hal_gpio.o
 .debug_line    0x0000000000000d85      0x56a Drivers/STM32F4xx_HAL_Driver/Src/stm32f4xx_hal_rcc.o
 .debug_line    0x00000000000012ef     0x115e Drivers/STM32F4xx_HAL_Driver/Src/stm32f4xx_hal_tim.o
 .debug_line    0x000000000000244d      0x6aa Drivers/STM32F4xx_HAL_Driver/Src/stm32f4xx_hal_tim_ex.o
 .debug_line    0x0000000000002af7      0xbce Drivers/STM32F4xx_HAL_Driver/Src/stm32f4xx_hal_uart.o
 .debug_line    0x00000000000036c5      0x5fc Src/main.o
 .debug_line    0x0000000000003cc1      0x362 Src/stm32f4xx_hal_msp.o
 .debug_line    0x0000000000004023      0x4d0 Src/stm32f4xx_it.o
 .debug_line    0x00000000000044f3      0x254 Src/system_stm32f4xx.o
 .debug_line    0x0000000000004747      0x377 User/clock.o
 .debug_line    0x0000000000004abe       0x7f startup/startup_stm32f405xx.o

.debug_str      0x0000000000000000     0x3a93
 .debug_str     0x0000000000000000      0xe9a Drivers/STM32F4xx_HAL_Driver/Src/stm32f4xx_hal.o
                                        0xf8f (size before relaxing)
 .debug_str     0x0000000000000e9a      0x3c1 Drivers/STM32F4xx_HAL_Driver/Src/stm32f4xx_hal_cortex.o
                                       0x1066 (size before relaxing)
 .debug_str     0x000000000000125b      0x1b2 Drivers/STM32F4xx_HAL_Driver/Src/stm32f4xx_hal_gpio.o
                                        0x95d (size before relaxing)
 .debug_str     0x000000000000140d      0x299 Drivers/STM32F4xx_HAL_Driver/Src/stm32f4xx_hal_rcc.o
                                        0xb30 (size before relaxing)
 .debug_str     0x00000000000016a6     0x1033 Drivers/STM32F4xx_HAL_Driver/Src/stm32f4xx_hal_tim.o
                                       0x1822 (size before relaxing)
 .debug_str     0x00000000000026d9      0x4f5 Drivers/STM32F4xx_HAL_Driver/Src/stm32f4xx_hal_tim_ex.o
                                       0x10e2 (size before relaxing)
 .debug_str     0x0000000000002bce      0x69f Drivers/STM32F4xx_HAL_Driver/Src/stm32f4xx_hal_uart.o
                                       0x105f (size before relaxing)
 .debug_str     0x000000000000326d      0x6a1 Src/main.o
                                       0x1754 (size before relaxing)
 .debug_str     0x000000000000390e       0x2c Src/stm32f4xx_hal_msp.o
                                       0x12f7 (size before relaxing)
 .debug_str     0x000000000000393a       0xc8 Src/stm32f4xx_it.o
                                       0x101b (size before relaxing)
 .debug_str     0x0000000000003a02       0x45 Src/system_stm32f4xx.o
                                        0x7c1 (size before relaxing)
 .debug_str     0x0000000000003a47       0x4c User/clock.o
                                        0xd5b (size before relaxing)

.comment        0x0000000000000000       0x7c
 .comment       0x0000000000000000       0x7c Drivers/STM32F4xx_HAL_Driver/Src/stm32f4xx_hal.o
                                         0x7d (size before relaxing)
 .comment       0x000000000000007c       0x7d Drivers/STM32F4xx_HAL_Driver/Src/stm32f4xx_hal_cortex.o
 .comment       0x000000000000007c       0x7d Drivers/STM32F4xx_HAL_Driver/Src/stm32f4xx_hal_gpio.o
 .comment       0x000000000000007c       0x7d Drivers/STM32F4xx_HAL_Driver/Src/stm32f4xx_hal_rcc.o
 .comment       0x000000000000007c       0x7d Drivers/STM32F4xx_HAL_Driver/Src/stm32f4xx_hal_tim.o
 .comment       0x000000000000007c       0x7d Drivers/STM32F4xx_HAL_Driver/Src/stm32f4xx_hal_tim_ex.o
 .comment       0x000000000000007c       0x7d Drivers/STM32F4xx_HAL_Driver/Src/stm32f4xx_hal_uart.o
 .comment       0x000000000000007c       0x7d Src/main.o
 .comment       0x000000000000007c       0x7d Src/stm32f4xx_hal_msp.o
 .comment       0x000000000000007c       0x7d Src/stm32f4xx_it.o
 .comment       0x000000000000007c       0x7d Src/system_stm32f4xx.o
 .comment       0x000000000000007c       0x7d User/clock.o

.debug_frame    0x0000000000000000     0x1f6c
 .debug_frame   0x0000000000000000      0x1d0 Drivers/STM32F4xx_HAL_Driver/Src/stm32f4xx_hal.o
 .debug_frame   0x00000000000001d0      0x158 Drivers/STM32F4xx_HAL_Driver/Src/stm32f4xx_hal_cortex.o
 .debug_frame   0x0000000000000328       0xd8 Drivers/STM32F4xx_HAL_Driver/Src/stm32f4xx_hal_gpio.o
 .debug_frame   0x0000000000000400      0x13c Drivers/STM32F4xx_HAL_Driver/Src/stm32f4xx_hal_rcc.o
 .debug_frame   0x000000000000053c      0x854 Drivers/STM32F4xx_HAL_Driver/Src/stm32f4xx_hal_tim.o
 .debug_frame   0x0000000000000d90      0x330 Drivers/STM32F4xx_HAL_Driver/Src/stm32f4xx_hal_tim_ex.o
 .debug_frame   0x00000000000010c0      0x4a0 Drivers/STM32F4xx_HAL_Driver/Src/stm32f4xx_hal_uart.o
 .debug_frame   0x0000000000001560      0x1a8 Src/main.o
 .debug_frame   0x0000000000001708       0x98 Src/stm32f4xx_hal_msp.o
 .debug_frame   0x00000000000017a0      0x144 Src/stm32f4xx_it.o
 .debug_frame   0x00000000000018e4       0x38 Src/system_stm32f4xx.o
 .debug_frame   0x000000000000191c      0x214 User/clock.o
 .debug_frame   0x0000000000001b30       0x20 /opt/Atollic_TrueSTUDIO_for_STM32_x86_64_9.2.0/ARMTools/bin/../lib/gcc/arm-atollic-eabi/6.3.1/../../../../arm-atollic-eabi/lib/armv7e-m/fpu/libstdc++_nano.a(atexit_arm.o)
 .debug_frame   0x0000000000001b50       0x28 /opt/Atollic_TrueSTUDIO_for_STM32_x86_64_9.2.0/ARMTools/bin/../lib/gcc/arm-atollic-eabi/6.3.1/../../../../arm-atollic-eabi/lib/armv7e-m/fpu/libc_nano.a(lib_a-cxa_atexit.o)
 .debug_frame   0x0000000000001b78       0x2c /opt/Atollic_TrueSTUDIO_for_STM32_x86_64_9.2.0/ARMTools/bin/../lib/gcc/arm-atollic-eabi/6.3.1/../../../../arm-atollic-eabi/lib/armv7e-m/fpu/libc_nano.a(lib_a-init.o)
 .debug_frame   0x0000000000001ba4       0x20 /opt/Atollic_TrueSTUDIO_for_STM32_x86_64_9.2.0/ARMTools/bin/../lib/gcc/arm-atollic-eabi/6.3.1/../../../../arm-atollic-eabi/lib/armv7e-m/fpu/libc_nano.a(lib_a-memset.o)
 .debug_frame   0x0000000000001bc4       0x70 /opt/Atollic_TrueSTUDIO_for_STM32_x86_64_9.2.0/ARMTools/bin/../lib/gcc/arm-atollic-eabi/6.3.1/../../../../arm-atollic-eabi/lib/armv7e-m/fpu/libc_nano.a(lib_a-sprintf.o)
 .debug_frame   0x0000000000001c34       0x90 /opt/Atollic_TrueSTUDIO_for_STM32_x86_64_9.2.0/ARMTools/bin/../lib/gcc/arm-atollic-eabi/6.3.1/../../../../arm-atollic-eabi/lib/armv7e-m/fpu/libc_nano.a(lib_a-nano-svfprintf.o)
 .debug_frame   0x0000000000001cc4       0x60 /opt/Atollic_TrueSTUDIO_for_STM32_x86_64_9.2.0/ARMTools/bin/../lib/gcc/arm-atollic-eabi/6.3.1/../../../../arm-atollic-eabi/lib/armv7e-m/fpu/libc_nano.a(lib_a-nano-vfprintf_i.o)
 .debug_frame   0x0000000000001d24       0x28 /opt/Atollic_TrueSTUDIO_for_STM32_x86_64_9.2.0/ARMTools/bin/../lib/gcc/arm-atollic-eabi/6.3.1/../../../../arm-atollic-eabi/lib/armv7e-m/fpu/libc_nano.a(lib_a-memcpy-stub.o)
 .debug_frame   0x0000000000001d4c       0x28 /opt/Atollic_TrueSTUDIO_for_STM32_x86_64_9.2.0/ARMTools/bin/../lib/gcc/arm-atollic-eabi/6.3.1/../../../../arm-atollic-eabi/lib/armv7e-m/fpu/libc_nano.a(lib_a-memmove.o)
 .debug_frame   0x0000000000001d74       0x38 /opt/Atollic_TrueSTUDIO_for_STM32_x86_64_9.2.0/ARMTools/bin/../lib/gcc/arm-atollic-eabi/6.3.1/../../../../arm-atollic-eabi/lib/armv7e-m/fpu/libc_nano.a(lib_a-nano-freer.o)
 .debug_frame   0x0000000000001dac       0x2c /opt/Atollic_TrueSTUDIO_for_STM32_x86_64_9.2.0/ARMTools/bin/../lib/gcc/arm-atollic-eabi/6.3.1/../../../../arm-atollic-eabi/lib/armv7e-m/fpu/libc_nano.a(lib_a-nano-mallocr.o)
 .debug_frame   0x0000000000001dd8       0x3c /opt/Atollic_TrueSTUDIO_for_STM32_x86_64_9.2.0/ARMTools/bin/../lib/gcc/arm-atollic-eabi/6.3.1/../../../../arm-atollic-eabi/lib/armv7e-m/fpu/libc_nano.a(lib_a-nano-reallocr.o)
 .debug_frame   0x0000000000001e14       0x2c /opt/Atollic_TrueSTUDIO_for_STM32_x86_64_9.2.0/ARMTools/bin/../lib/gcc/arm-atollic-eabi/6.3.1/../../../../arm-atollic-eabi/lib/armv7e-m/fpu/libc_nano.a(lib_a-sbrkr.o)
 .debug_frame   0x0000000000001e40       0x30 /opt/Atollic_TrueSTUDIO_for_STM32_x86_64_9.2.0/ARMTools/bin/../lib/gcc/arm-atollic-eabi/6.3.1/../../../../arm-atollic-eabi/lib/armv7e-m/fpu/libc_nano.a(lib_a-mlock.o)
 .debug_frame   0x0000000000001e70       0x20 /opt/Atollic_TrueSTUDIO_for_STM32_x86_64_9.2.0/ARMTools/bin/../lib/gcc/arm-atollic-eabi/6.3.1/../../../../arm-atollic-eabi/lib/armv7e-m/fpu/libc_nano.a(lib_a-nano-msizer.o)
 .debug_frame   0x0000000000001e90       0x5c /opt/Atollic_TrueSTUDIO_for_STM32_x86_64_9.2.0/ARMTools/bin/../lib/gcc/arm-atollic-eabi/6.3.1/../../../../arm-atollic-eabi/lib/armv7e-m/fpu/libc_nano.a(lib_a-reent.o)
 .debug_frame   0x0000000000001eec       0x2c /opt/Atollic_TrueSTUDIO_for_STM32_x86_64_9.2.0/ARMTools/bin/../lib/gcc/arm-atollic-eabi/6.3.1/armv7e-m/fpu/libgcc.a(_aeabi_uldivmod.o)
 .debug_frame   0x0000000000001f18       0x34 /opt/Atollic_TrueSTUDIO_for_STM32_x86_64_9.2.0/ARMTools/bin/../lib/gcc/arm-atollic-eabi/6.3.1/armv7e-m/fpu/libgcc.a(_udivmoddi4.o)
 .debug_frame   0x0000000000001f4c       0x20 /opt/Atollic_TrueSTUDIO_for_STM32_x86_64_9.2.0/ARMTools/bin/../lib/gcc/arm-atollic-eabi/6.3.1/../../../../arm-atollic-eabi/lib/armv7e-m/fpu/libnosys.a(sbrk.o)

.stabstr        0x0000000000000000       0x76
 .stabstr       0x0000000000000000       0x76 /opt/Atollic_TrueSTUDIO_for_STM32_x86_64_9.2.0/ARMTools/bin/../lib/gcc/arm-atollic-eabi/6.3.1/../../../../arm-atollic-eabi/lib/armv7e-m/fpu/libnosys.a(getpid.o)

Cross Reference Table

Symbol                                            File
ADC_IRQHandler                                    startup/startup_stm32f405xx.o
AHBPrescTable                                     Src/system_stm32f4xx.o
                                                  Drivers/STM32F4xx_HAL_Driver/Src/stm32f4xx_hal_rcc.o
APBPrescTable                                     Src/system_stm32f4xx.o
                                                  Drivers/STM32F4xx_HAL_Driver/Src/stm32f4xx_hal_rcc.o
BusFault_Handler                                  Src/stm32f4xx_it.o
CAN1_RX0_IRQHandler                               startup/startup_stm32f405xx.o
CAN1_RX1_IRQHandler                               startup/startup_stm32f405xx.o
CAN1_SCE_IRQHandler                               startup/startup_stm32f405xx.o
CAN1_TX_IRQHandler                                startup/startup_stm32f405xx.o
CAN2_RX0_IRQHandler                               startup/startup_stm32f405xx.o
CAN2_RX1_IRQHandler                               startup/startup_stm32f405xx.o
CAN2_SCE_IRQHandler                               startup/startup_stm32f405xx.o
CAN2_TX_IRQHandler                                startup/startup_stm32f405xx.o
Clock::Clock()                                    User/clock.o
Clock::Clock()                                    User/clock.o
                                                  Src/main.o
Clock::getPeriod()                                User/clock.o
Clock::isLocked()                                 User/clock.o
Clock::lock()                                     User/clock.o
Clock::masterTick()                               User/clock.o
                                                  Src/main.o
Clock::setPeriod()                                User/clock.o
                                                  Src/main.o
Clock::setPeriod(unsigned int)                    User/clock.o
                                                  Src/main.o
Clock::setSlaveDivision(unsigned int)             User/clock.o
                                                  Src/main.o
Clock::setSource(ClockSource)                     User/clock.o
                                                  Src/main.o
Clock::setTimer(TIM_HandleTypeDef*, TIM_HandleTypeDef*) User/clock.o
                                                  Src/main.o
Clock::subTick()                                  User/clock.o
                                                  Src/main.o
Clock::unlock()                                   User/clock.o
Clock::~Clock()                                   User/clock.o
                                                  Src/main.o
Clock::~Clock()                                   User/clock.o
DMA1_Stream0_IRQHandler                           startup/startup_stm32f405xx.o
DMA1_Stream1_IRQHandler                           startup/startup_stm32f405xx.o
DMA1_Stream2_IRQHandler                           startup/startup_stm32f405xx.o
DMA1_Stream3_IRQHandler                           startup/startup_stm32f405xx.o
DMA1_Stream4_IRQHandler                           startup/startup_stm32f405xx.o
DMA1_Stream5_IRQHandler                           startup/startup_stm32f405xx.o
DMA1_Stream6_IRQHandler                           startup/startup_stm32f405xx.o
DMA1_Stream7_IRQHandler                           startup/startup_stm32f405xx.o
DMA2_Stream0_IRQHandler                           startup/startup_stm32f405xx.o
DMA2_Stream1_IRQHandler                           startup/startup_stm32f405xx.o
DMA2_Stream2_IRQHandler                           startup/startup_stm32f405xx.o
DMA2_Stream3_IRQHandler                           startup/startup_stm32f405xx.o
DMA2_Stream4_IRQHandler                           startup/startup_stm32f405xx.o
DMA2_Stream5_IRQHandler                           startup/startup_stm32f405xx.o
DMA2_Stream6_IRQHandler                           startup/startup_stm32f405xx.o
DMA2_Stream7_IRQHandler                           startup/startup_stm32f405xx.o
DebugMon_Handler                                  Src/stm32f4xx_it.o
Default_Handler                                   startup/startup_stm32f405xx.o
EXTI0_IRQHandler                                  startup/startup_stm32f405xx.o
EXTI15_10_IRQHandler                              startup/startup_stm32f405xx.o
EXTI1_IRQHandler                                  startup/startup_stm32f405xx.o
EXTI2_IRQHandler                                  startup/startup_stm32f405xx.o
EXTI3_IRQHandler                                  startup/startup_stm32f405xx.o
EXTI4_IRQHandler                                  startup/startup_stm32f405xx.o
EXTI9_5_IRQHandler                                startup/startup_stm32f405xx.o
Error_Handler                                     Src/main.o
FLASH_Erase_Sector                                Drivers/STM32F4xx_HAL_Driver/Src/stm32f4xx_hal_flash_ex.o
                                                  Drivers/STM32F4xx_HAL_Driver/Src/stm32f4xx_hal_flash.o
FLASH_FlushCaches                                 Drivers/STM32F4xx_HAL_Driver/Src/stm32f4xx_hal_flash_ex.o
                                                  Drivers/STM32F4xx_HAL_Driver/Src/stm32f4xx_hal_flash.o
FLASH_IRQHandler                                  startup/startup_stm32f405xx.o
FLASH_WaitForLastOperation                        Drivers/STM32F4xx_HAL_Driver/Src/stm32f4xx_hal_flash.o
                                                  Drivers/STM32F4xx_HAL_Driver/Src/stm32f4xx_hal_flash_ex.o
FPU_IRQHandler                                    startup/startup_stm32f405xx.o
FSMC_IRQHandler                                   startup/startup_stm32f405xx.o
Font12                                            User/Fonts/font12.o
Font12_Table                                      User/Fonts/font12.o
Font16                                            User/Fonts/font16.o
Font16_Table                                      User/Fonts/font16.o
Font20                                            User/Fonts/font20.o
Font20_Table                                      User/Fonts/font20.o
Font24                                            User/Fonts/font24.o
Font24_Table                                      User/Fonts/font24.o
Font8                                             User/Fonts/font8.o
Font8_Table                                       User/Fonts/font8.o
HAL_DBGMCU_DisableDBGSleepMode                    Drivers/STM32F4xx_HAL_Driver/Src/stm32f4xx_hal.o
HAL_DBGMCU_DisableDBGStandbyMode                  Drivers/STM32F4xx_HAL_Driver/Src/stm32f4xx_hal.o
HAL_DBGMCU_DisableDBGStopMode                     Drivers/STM32F4xx_HAL_Driver/Src/stm32f4xx_hal.o
HAL_DBGMCU_EnableDBGSleepMode                     Drivers/STM32F4xx_HAL_Driver/Src/stm32f4xx_hal.o
HAL_DBGMCU_EnableDBGStandbyMode                   Drivers/STM32F4xx_HAL_Driver/Src/stm32f4xx_hal.o
HAL_DBGMCU_EnableDBGStopMode                      Drivers/STM32F4xx_HAL_Driver/Src/stm32f4xx_hal.o
HAL_DMAEx_ChangeMemory                            Drivers/STM32F4xx_HAL_Driver/Src/stm32f4xx_hal_dma_ex.o
HAL_DMAEx_MultiBufferStart                        Drivers/STM32F4xx_HAL_Driver/Src/stm32f4xx_hal_dma_ex.o
HAL_DMAEx_MultiBufferStart_IT                     Drivers/STM32F4xx_HAL_Driver/Src/stm32f4xx_hal_dma_ex.o
HAL_DMA_Abort                                     Drivers/STM32F4xx_HAL_Driver/Src/stm32f4xx_hal_dma.o
                                                  Drivers/STM32F4xx_HAL_Driver/Src/stm32f4xx_hal_uart.o
                                                  Drivers/STM32F4xx_HAL_Driver/Src/stm32f4xx_hal_tim.o
HAL_DMA_Abort_IT                                  Drivers/STM32F4xx_HAL_Driver/Src/stm32f4xx_hal_dma.o
                                                  Drivers/STM32F4xx_HAL_Driver/Src/stm32f4xx_hal_uart.o
HAL_DMA_DeInit                                    Drivers/STM32F4xx_HAL_Driver/Src/stm32f4xx_hal_dma.o
HAL_DMA_GetError                                  Drivers/STM32F4xx_HAL_Driver/Src/stm32f4xx_hal_dma.o
HAL_DMA_GetState                                  Drivers/STM32F4xx_HAL_Driver/Src/stm32f4xx_hal_dma.o
HAL_DMA_IRQHandler                                Drivers/STM32F4xx_HAL_Driver/Src/stm32f4xx_hal_dma.o
HAL_DMA_Init                                      Drivers/STM32F4xx_HAL_Driver/Src/stm32f4xx_hal_dma.o
HAL_DMA_PollForTransfer                           Drivers/STM32F4xx_HAL_Driver/Src/stm32f4xx_hal_dma.o
HAL_DMA_RegisterCallback                          Drivers/STM32F4xx_HAL_Driver/Src/stm32f4xx_hal_dma.o
HAL_DMA_Start                                     Drivers/STM32F4xx_HAL_Driver/Src/stm32f4xx_hal_dma.o
HAL_DMA_Start_IT                                  Drivers/STM32F4xx_HAL_Driver/Src/stm32f4xx_hal_dma.o
                                                  Drivers/STM32F4xx_HAL_Driver/Src/stm32f4xx_hal_uart.o
                                                  Drivers/STM32F4xx_HAL_Driver/Src/stm32f4xx_hal_tim_ex.o
                                                  Drivers/STM32F4xx_HAL_Driver/Src/stm32f4xx_hal_tim.o
HAL_DMA_UnRegisterCallback                        Drivers/STM32F4xx_HAL_Driver/Src/stm32f4xx_hal_dma.o
HAL_DeInit                                        Drivers/STM32F4xx_HAL_Driver/Src/stm32f4xx_hal.o
HAL_Delay                                         Drivers/STM32F4xx_HAL_Driver/Src/stm32f4xx_hal.o
HAL_DisableCompensationCell                       Drivers/STM32F4xx_HAL_Driver/Src/stm32f4xx_hal.o
HAL_EnableCompensationCell                        Drivers/STM32F4xx_HAL_Driver/Src/stm32f4xx_hal.o
HAL_FLASHEx_Erase                                 Drivers/STM32F4xx_HAL_Driver/Src/stm32f4xx_hal_flash_ex.o
HAL_FLASHEx_Erase_IT                              Drivers/STM32F4xx_HAL_Driver/Src/stm32f4xx_hal_flash_ex.o
HAL_FLASHEx_OBGetConfig                           Drivers/STM32F4xx_HAL_Driver/Src/stm32f4xx_hal_flash_ex.o
HAL_FLASHEx_OBProgram                             Drivers/STM32F4xx_HAL_Driver/Src/stm32f4xx_hal_flash_ex.o
HAL_FLASH_EndOfOperationCallback                  Drivers/STM32F4xx_HAL_Driver/Src/stm32f4xx_hal_flash.o
HAL_FLASH_GetError                                Drivers/STM32F4xx_HAL_Driver/Src/stm32f4xx_hal_flash.o
HAL_FLASH_IRQHandler                              Drivers/STM32F4xx_HAL_Driver/Src/stm32f4xx_hal_flash.o
HAL_FLASH_Lock                                    Drivers/STM32F4xx_HAL_Driver/Src/stm32f4xx_hal_flash.o
HAL_FLASH_OB_Launch                               Drivers/STM32F4xx_HAL_Driver/Src/stm32f4xx_hal_flash.o
HAL_FLASH_OB_Lock                                 Drivers/STM32F4xx_HAL_Driver/Src/stm32f4xx_hal_flash.o
HAL_FLASH_OB_Unlock                               Drivers/STM32F4xx_HAL_Driver/Src/stm32f4xx_hal_flash.o
HAL_FLASH_OperationErrorCallback                  Drivers/STM32F4xx_HAL_Driver/Src/stm32f4xx_hal_flash.o
HAL_FLASH_Program                                 Drivers/STM32F4xx_HAL_Driver/Src/stm32f4xx_hal_flash.o
HAL_FLASH_Program_IT                              Drivers/STM32F4xx_HAL_Driver/Src/stm32f4xx_hal_flash.o
HAL_FLASH_Unlock                                  Drivers/STM32F4xx_HAL_Driver/Src/stm32f4xx_hal_flash.o
HAL_GPIO_DeInit                                   Drivers/STM32F4xx_HAL_Driver/Src/stm32f4xx_hal_gpio.o
                                                  Src/stm32f4xx_hal_msp.o
HAL_GPIO_EXTI_Callback                            Drivers/STM32F4xx_HAL_Driver/Src/stm32f4xx_hal_gpio.o
HAL_GPIO_EXTI_IRQHandler                          Drivers/STM32F4xx_HAL_Driver/Src/stm32f4xx_hal_gpio.o
HAL_GPIO_Init                                     Drivers/STM32F4xx_HAL_Driver/Src/stm32f4xx_hal_gpio.o
                                                  Src/stm32f4xx_hal_msp.o
                                                  Src/main.o
                                                  Drivers/STM32F4xx_HAL_Driver/Src/stm32f4xx_hal_rcc.o
HAL_GPIO_LockPin                                  Drivers/STM32F4xx_HAL_Driver/Src/stm32f4xx_hal_gpio.o
HAL_GPIO_ReadPin                                  Drivers/STM32F4xx_HAL_Driver/Src/stm32f4xx_hal_gpio.o
HAL_GPIO_TogglePin                                Drivers/STM32F4xx_HAL_Driver/Src/stm32f4xx_hal_gpio.o
HAL_GPIO_WritePin                                 Drivers/STM32F4xx_HAL_Driver/Src/stm32f4xx_hal_gpio.o
                                                  Src/main.o
HAL_GetDEVID                                      Drivers/STM32F4xx_HAL_Driver/Src/stm32f4xx_hal.o
HAL_GetHalVersion                                 Drivers/STM32F4xx_HAL_Driver/Src/stm32f4xx_hal.o
HAL_GetREVID                                      Drivers/STM32F4xx_HAL_Driver/Src/stm32f4xx_hal.o
HAL_GetTick                                       Drivers/STM32F4xx_HAL_Driver/Src/stm32f4xx_hal.o
                                                  Drivers/STM32F4xx_HAL_Driver/Src/stm32f4xx_hal_uart.o
                                                  Drivers/STM32F4xx_HAL_Driver/Src/stm32f4xx_hal_rcc_ex.o
                                                  Drivers/STM32F4xx_HAL_Driver/Src/stm32f4xx_hal_rcc.o
                                                  Drivers/STM32F4xx_HAL_Driver/Src/stm32f4xx_hal_pwr_ex.o
                                                  Drivers/STM32F4xx_HAL_Driver/Src/stm32f4xx_hal_flash.o
                                                  Drivers/STM32F4xx_HAL_Driver/Src/stm32f4xx_hal_dma.o
HAL_GetTickFreq                                   Drivers/STM32F4xx_HAL_Driver/Src/stm32f4xx_hal.o
HAL_GetTickPrio                                   Drivers/STM32F4xx_HAL_Driver/Src/stm32f4xx_hal.o
HAL_GetUID                                        Drivers/STM32F4xx_HAL_Driver/Src/stm32f4xx_hal.o
HAL_HalfDuplex_EnableReceiver                     Drivers/STM32F4xx_HAL_Driver/Src/stm32f4xx_hal_uart.o
HAL_HalfDuplex_EnableTransmitter                  Drivers/STM32F4xx_HAL_Driver/Src/stm32f4xx_hal_uart.o
HAL_HalfDuplex_Init                               Drivers/STM32F4xx_HAL_Driver/Src/stm32f4xx_hal_uart.o
HAL_IncTick                                       Drivers/STM32F4xx_HAL_Driver/Src/stm32f4xx_hal.o
                                                  Src/stm32f4xx_it.o
HAL_Init                                          Drivers/STM32F4xx_HAL_Driver/Src/stm32f4xx_hal.o
                                                  Src/main.o
HAL_InitTick                                      Drivers/STM32F4xx_HAL_Driver/Src/stm32f4xx_hal.o
                                                  Drivers/STM32F4xx_HAL_Driver/Src/stm32f4xx_hal_rcc_ex.o
                                                  Drivers/STM32F4xx_HAL_Driver/Src/stm32f4xx_hal_rcc.o
HAL_LIN_Init                                      Drivers/STM32F4xx_HAL_Driver/Src/stm32f4xx_hal_uart.o
HAL_LIN_SendBreak                                 Drivers/STM32F4xx_HAL_Driver/Src/stm32f4xx_hal_uart.o
HAL_MPU_ConfigRegion                              Drivers/STM32F4xx_HAL_Driver/Src/stm32f4xx_hal_cortex.o
HAL_MPU_Disable                                   Drivers/STM32F4xx_HAL_Driver/Src/stm32f4xx_hal_cortex.o
HAL_MPU_Enable                                    Drivers/STM32F4xx_HAL_Driver/Src/stm32f4xx_hal_cortex.o
HAL_MspDeInit                                     Drivers/STM32F4xx_HAL_Driver/Src/stm32f4xx_hal.o
HAL_MspInit                                       Src/stm32f4xx_hal_msp.o
                                                  Drivers/STM32F4xx_HAL_Driver/Src/stm32f4xx_hal.o
HAL_MultiProcessor_EnterMuteMode                  Drivers/STM32F4xx_HAL_Driver/Src/stm32f4xx_hal_uart.o
HAL_MultiProcessor_ExitMuteMode                   Drivers/STM32F4xx_HAL_Driver/Src/stm32f4xx_hal_uart.o
HAL_MultiProcessor_Init                           Drivers/STM32F4xx_HAL_Driver/Src/stm32f4xx_hal_uart.o
HAL_NVIC_ClearPendingIRQ                          Drivers/STM32F4xx_HAL_Driver/Src/stm32f4xx_hal_cortex.o
HAL_NVIC_DisableIRQ                               Drivers/STM32F4xx_HAL_Driver/Src/stm32f4xx_hal_cortex.o
                                                  Src/stm32f4xx_hal_msp.o
HAL_NVIC_EnableIRQ                                Drivers/STM32F4xx_HAL_Driver/Src/stm32f4xx_hal_cortex.o
                                                  Src/stm32f4xx_hal_msp.o
HAL_NVIC_GetActive                                Drivers/STM32F4xx_HAL_Driver/Src/stm32f4xx_hal_cortex.o
HAL_NVIC_GetPendingIRQ                            Drivers/STM32F4xx_HAL_Driver/Src/stm32f4xx_hal_cortex.o
HAL_NVIC_GetPriority                              Drivers/STM32F4xx_HAL_Driver/Src/stm32f4xx_hal_cortex.o
HAL_NVIC_GetPriorityGrouping                      Drivers/STM32F4xx_HAL_Driver/Src/stm32f4xx_hal_cortex.o
HAL_NVIC_SetPendingIRQ                            Drivers/STM32F4xx_HAL_Driver/Src/stm32f4xx_hal_cortex.o
HAL_NVIC_SetPriority                              Drivers/STM32F4xx_HAL_Driver/Src/stm32f4xx_hal_cortex.o
                                                  Src/stm32f4xx_hal_msp.o
                                                  Drivers/STM32F4xx_HAL_Driver/Src/stm32f4xx_hal.o
HAL_NVIC_SetPriorityGrouping                      Drivers/STM32F4xx_HAL_Driver/Src/stm32f4xx_hal_cortex.o
                                                  Drivers/STM32F4xx_HAL_Driver/Src/stm32f4xx_hal.o
HAL_NVIC_SystemReset                              Drivers/STM32F4xx_HAL_Driver/Src/stm32f4xx_hal_cortex.o
HAL_PWREx_ControlVoltageScaling                   Drivers/STM32F4xx_HAL_Driver/Src/stm32f4xx_hal_pwr_ex.o
HAL_PWREx_DisableBkUpReg                          Drivers/STM32F4xx_HAL_Driver/Src/stm32f4xx_hal_pwr_ex.o
HAL_PWREx_DisableFlashPowerDown                   Drivers/STM32F4xx_HAL_Driver/Src/stm32f4xx_hal_pwr_ex.o
HAL_PWREx_EnableBkUpReg                           Drivers/STM32F4xx_HAL_Driver/Src/stm32f4xx_hal_pwr_ex.o
HAL_PWREx_EnableFlashPowerDown                    Drivers/STM32F4xx_HAL_Driver/Src/stm32f4xx_hal_pwr_ex.o
HAL_PWREx_GetVoltageRange                         Drivers/STM32F4xx_HAL_Driver/Src/stm32f4xx_hal_pwr_ex.o
HAL_PWR_ConfigPVD                                 Drivers/STM32F4xx_HAL_Driver/Src/stm32f4xx_hal_pwr.o
HAL_PWR_DeInit                                    Drivers/STM32F4xx_HAL_Driver/Src/stm32f4xx_hal_pwr.o
HAL_PWR_DisableBkUpAccess                         Drivers/STM32F4xx_HAL_Driver/Src/stm32f4xx_hal_pwr.o
HAL_PWR_DisablePVD                                Drivers/STM32F4xx_HAL_Driver/Src/stm32f4xx_hal_pwr.o
HAL_PWR_DisableSEVOnPend                          Drivers/STM32F4xx_HAL_Driver/Src/stm32f4xx_hal_pwr.o
HAL_PWR_DisableSleepOnExit                        Drivers/STM32F4xx_HAL_Driver/Src/stm32f4xx_hal_pwr.o
HAL_PWR_DisableWakeUpPin                          Drivers/STM32F4xx_HAL_Driver/Src/stm32f4xx_hal_pwr.o
HAL_PWR_EnableBkUpAccess                          Drivers/STM32F4xx_HAL_Driver/Src/stm32f4xx_hal_pwr.o
HAL_PWR_EnablePVD                                 Drivers/STM32F4xx_HAL_Driver/Src/stm32f4xx_hal_pwr.o
HAL_PWR_EnableSEVOnPend                           Drivers/STM32F4xx_HAL_Driver/Src/stm32f4xx_hal_pwr.o