main.cpp:89:6:void HAL_TIM_IC_CaptureCallback(TIM_HandleTypeDef*)	16	static
main.cpp:112:6:void HAL_TIM_PWM_PulseFinishedCallback(TIM_HandleTypeDef*)	16	static
main.cpp:130:6:void HAL_TIM_PeriodElapsedCallback(TIM_HandleTypeDef*)	16	static
main.cpp:144:5:int main()	32	static
main.cpp:217:6:void SystemClock_Config()	88	static
main.cpp:256:13:void MX_TIM2_Init()	80	static
main.cpp:326:13:void MX_TIM5_Init()	80	static
main.cpp:390:13:void MX_USART2_UART_Init()	8	static
main.cpp:423:13:void MX_GPIO_Init()	40	static
main.cpp:451:6:void Error_Handler()	4	static
main.cpp:457:1:void __static_initialization_and_destruction_0(int, int)	16	static
main.cpp:457:1:cpp)	8	static
