stm32f4xx_it.cpp:90:6:void NMI_Handler()	4	static
stm32f4xx_it.cpp:103:6:void HardFault_Handler()	4	static
stm32f4xx_it.cpp:118:6:void MemManage_Handler()	4	static
stm32f4xx_it.cpp:133:6:void BusFault_Handler()	4	static
stm32f4xx_it.cpp:148:6:void UsageFault_Handler()	4	static
stm32f4xx_it.cpp:163:6:void SVC_Handler()	4	static
stm32f4xx_it.cpp:176:6:void DebugMon_Handler()	4	static
stm32f4xx_it.cpp:189:6:void PendSV_Handler()	4	static
stm32f4xx_it.cpp:202:6:void SysTick_Handler()	8	static
stm32f4xx_it.cpp:226:6:void TIM2_IRQHandler()	8	static
stm32f4xx_it.cpp:241:6:void TIM5_IRQHandler()	8	static
