stm32f4xx_it.cpp:93:6:void NMI_Handler()	4	static
stm32f4xx_it.cpp:106:6:void HardFault_Handler()	4	static
stm32f4xx_it.cpp:121:6:void MemManage_Handler()	4	static
stm32f4xx_it.cpp:136:6:void BusFault_Handler()	4	static
stm32f4xx_it.cpp:151:6:void UsageFault_Handler()	4	static
stm32f4xx_it.cpp:166:6:void SVC_Handler()	4	static
stm32f4xx_it.cpp:179:6:void DebugMon_Handler()	4	static
stm32f4xx_it.cpp:192:6:void PendSV_Handler()	4	static
stm32f4xx_it.cpp:205:6:void SysTick_Handler()	8	static
stm32f4xx_it.cpp:229:6:void TIM1_UP_TIM10_IRQHandler()	8	static
stm32f4xx_it.cpp:243:6:void TIM2_IRQHandler()	8	static
stm32f4xx_it.cpp:258:6:void TIM5_IRQHandler()	8	static
stm32f4xx_it.cpp:269:6:void TIM6_IRQHandler()	8	static
stm32f4xx_it.cpp:283:6:void OTG_FS_IRQHandler()	8	static
